Archive member included to satisfy reference by file (symbol)

c:/st2/stm32cubeide_1.5.1/stm32cubeide/plugins/com.st.stm32cube.ide.mcu.externaltools.gnu-tools-for-stm32.7-2018-q2-update.win32_1.5.0.202011040924/tools/bin/../lib/gcc/arm-none-eabi/7.3.1/../../../../arm-none-eabi/lib/thumb/v7e-m/fpv4-sp/hard\libm.a(lib_a-s_round.o)
                              Core/Src/main.o (round)
c:/st2/stm32cubeide_1.5.1/stm32cubeide/plugins/com.st.stm32cube.ide.mcu.externaltools.gnu-tools-for-stm32.7-2018-q2-update.win32_1.5.0.202011040924/tools/bin/../lib/gcc/arm-none-eabi/7.3.1/../../../../arm-none-eabi/lib/thumb/v7e-m/fpv4-sp/hard\libc_nano.a(lib_a-errno.o)
                              Core/Src/syscalls.o (__errno)
c:/st2/stm32cubeide_1.5.1/stm32cubeide/plugins/com.st.stm32cube.ide.mcu.externaltools.gnu-tools-for-stm32.7-2018-q2-update.win32_1.5.0.202011040924/tools/bin/../lib/gcc/arm-none-eabi/7.3.1/../../../../arm-none-eabi/lib/thumb/v7e-m/fpv4-sp/hard\libc_nano.a(lib_a-exit.o)
                              c:/st2/stm32cubeide_1.5.1/stm32cubeide/plugins/com.st.stm32cube.ide.mcu.externaltools.gnu-tools-for-stm32.7-2018-q2-update.win32_1.5.0.202011040924/tools/bin/../lib/gcc/arm-none-eabi/7.3.1/../../../../arm-none-eabi/lib/thumb/v7e-m/fpv4-sp/hard/crt0.o (exit)
c:/st2/stm32cubeide_1.5.1/stm32cubeide/plugins/com.st.stm32cube.ide.mcu.externaltools.gnu-tools-for-stm32.7-2018-q2-update.win32_1.5.0.202011040924/tools/bin/../lib/gcc/arm-none-eabi/7.3.1/../../../../arm-none-eabi/lib/thumb/v7e-m/fpv4-sp/hard\libc_nano.a(lib_a-impure.o)
                              c:/st2/stm32cubeide_1.5.1/stm32cubeide/plugins/com.st.stm32cube.ide.mcu.externaltools.gnu-tools-for-stm32.7-2018-q2-update.win32_1.5.0.202011040924/tools/bin/../lib/gcc/arm-none-eabi/7.3.1/../../../../arm-none-eabi/lib/thumb/v7e-m/fpv4-sp/hard\libc_nano.a(lib_a-exit.o) (_global_impure_ptr)
c:/st2/stm32cubeide_1.5.1/stm32cubeide/plugins/com.st.stm32cube.ide.mcu.externaltools.gnu-tools-for-stm32.7-2018-q2-update.win32_1.5.0.202011040924/tools/bin/../lib/gcc/arm-none-eabi/7.3.1/../../../../arm-none-eabi/lib/thumb/v7e-m/fpv4-sp/hard\libc_nano.a(lib_a-init.o)
                              c:/st2/stm32cubeide_1.5.1/stm32cubeide/plugins/com.st.stm32cube.ide.mcu.externaltools.gnu-tools-for-stm32.7-2018-q2-update.win32_1.5.0.202011040924/tools/bin/../lib/gcc/arm-none-eabi/7.3.1/../../../../arm-none-eabi/lib/thumb/v7e-m/fpv4-sp/hard/crt0.o (__libc_init_array)
c:/st2/stm32cubeide_1.5.1/stm32cubeide/plugins/com.st.stm32cube.ide.mcu.externaltools.gnu-tools-for-stm32.7-2018-q2-update.win32_1.5.0.202011040924/tools/bin/../lib/gcc/arm-none-eabi/7.3.1/../../../../arm-none-eabi/lib/thumb/v7e-m/fpv4-sp/hard\libc_nano.a(lib_a-memcpy-stub.o)
                              Core/Src/main.o (memcpy)
c:/st2/stm32cubeide_1.5.1/stm32cubeide/plugins/com.st.stm32cube.ide.mcu.externaltools.gnu-tools-for-stm32.7-2018-q2-update.win32_1.5.0.202011040924/tools/bin/../lib/gcc/arm-none-eabi/7.3.1/../../../../arm-none-eabi/lib/thumb/v7e-m/fpv4-sp/hard\libc_nano.a(lib_a-memset.o)
                              c:/st2/stm32cubeide_1.5.1/stm32cubeide/plugins/com.st.stm32cube.ide.mcu.externaltools.gnu-tools-for-stm32.7-2018-q2-update.win32_1.5.0.202011040924/tools/bin/../lib/gcc/arm-none-eabi/7.3.1/../../../../arm-none-eabi/lib/thumb/v7e-m/fpv4-sp/hard/crt0.o (memset)
c:/st2/stm32cubeide_1.5.1/stm32cubeide/plugins/com.st.stm32cube.ide.mcu.externaltools.gnu-tools-for-stm32.7-2018-q2-update.win32_1.5.0.202011040924/tools/bin/../lib/gcc/arm-none-eabi/7.3.1/../../../../arm-none-eabi/lib/thumb/v7e-m/fpv4-sp/hard\libc_nano.a(lib_a-nano-vfprintf_float.o)
                              (_printf_float)
c:/st2/stm32cubeide_1.5.1/stm32cubeide/plugins/com.st.stm32cube.ide.mcu.externaltools.gnu-tools-for-stm32.7-2018-q2-update.win32_1.5.0.202011040924/tools/bin/../lib/gcc/arm-none-eabi/7.3.1/../../../../arm-none-eabi/lib/thumb/v7e-m/fpv4-sp/hard\libc_nano.a(lib_a-nano-vfprintf_i.o)
                              c:/st2/stm32cubeide_1.5.1/stm32cubeide/plugins/com.st.stm32cube.ide.mcu.externaltools.gnu-tools-for-stm32.7-2018-q2-update.win32_1.5.0.202011040924/tools/bin/../lib/gcc/arm-none-eabi/7.3.1/../../../../arm-none-eabi/lib/thumb/v7e-m/fpv4-sp/hard\libc_nano.a(lib_a-nano-vfprintf_float.o) (_printf_common)
c:/st2/stm32cubeide_1.5.1/stm32cubeide/plugins/com.st.stm32cube.ide.mcu.externaltools.gnu-tools-for-stm32.7-2018-q2-update.win32_1.5.0.202011040924/tools/bin/../lib/gcc/arm-none-eabi/7.3.1/../../../../arm-none-eabi/lib/thumb/v7e-m/fpv4-sp/hard\libc_nano.a(lib_a-printf.o)
                              Core/Src/main.o (printf)
c:/st2/stm32cubeide_1.5.1/stm32cubeide/plugins/com.st.stm32cube.ide.mcu.externaltools.gnu-tools-for-stm32.7-2018-q2-update.win32_1.5.0.202011040924/tools/bin/../lib/gcc/arm-none-eabi/7.3.1/../../../../arm-none-eabi/lib/thumb/v7e-m/fpv4-sp/hard\libc_nano.a(lib_a-puts.o)
                              Core/Src/main.o (puts)
[...]
Memory Configuration

Name             Origin             Length             Attributes
CCMRAM           0x0000000010000000 0x0000000000010000 xrw
RAM              0x0000000020000000 0x0000000000020000 xrw
FLASH_SECTOR0    0x0000000008000000 0x0000000000004000 xr
FLASH_SECTOR1    0x0000000008004000 0x0000000000004000 xr
FLASH            0x0000000008008000 0x00000000000f8000 xr
*default*        0x0000000000000000 0xffffffffffffffff

Linker script and memory map

LOAD c:/st2/stm32cubeide_1.5.1/stm32cubeide/plugins/com.st.stm32cube.ide.mcu.externaltools.gnu-tools-for-stm32.7-2018-q2-update.win32_1.5.0.202011040924/tools/bin/../lib/gcc/arm-none-eabi/7.3.1/thumb/v7e-m/fpv4-sp/hard/crti.o
LOAD c:/st2/stm32cubeide_1.5.1/stm32cubeide/plugins/com.st.stm32cube.ide.mcu.externaltools.gnu-tools-for-stm32.7-2018-q2-update.win32_1.5.0.202011040924/tools/bin/../lib/gcc/arm-none-eabi/7.3.1/thumb/v7e-m/fpv4-sp/hard/crtbegin.o
LOAD c:/st2/stm32cubeide_1.5.1/stm32cubeide/plugins/com.st.stm32cube.ide.mcu.externaltools.gnu-tools-for-stm32.7-2018-q2-update.win32_1.5.0.202011040924/tools/bin/../lib/gcc/arm-none-eabi/7.3.1/../../../../arm-none-eabi/lib/thumb/v7e-m/fpv4-sp/hard/crt0.o
LOAD Core/Src/Control.o
LOAD Core/Src/ICM_20648.o
LOAD Core/Src/main.o
LOAD Core/Src/stm32f4xx_hal_msp.o
LOAD Core/Src/stm32f4xx_it.o
LOAD Core/Src/syscalls.o
LOAD Core/Src/sysmem.o
LOAD Core/Src/system_stm32f4xx.o
LOAD Core/Startup/startup_stm32f405rgtx.o
LOAD Drivers/STM32F4xx_HAL_Driver/Src/stm32f4xx_hal.o
LOAD Drivers/STM32F4xx_HAL_Driver/Src/stm32f4xx_hal_adc.o
LOAD Drivers/STM32F4xx_HAL_Driver/Src/stm32f4xx_hal_adc_ex.o
LOAD Drivers/STM32F4xx_HAL_Driver/Src/stm32f4xx_hal_cortex.o
LOAD Drivers/STM32F4xx_HAL_Driver/Src/stm32f4xx_hal_dma.o
LOAD Drivers/STM32F4xx_HAL_Driver/Src/stm32f4xx_hal_dma_ex.o
LOAD Drivers/STM32F4xx_HAL_Driver/Src/stm32f4xx_hal_exti.o
LOAD Drivers/STM32F4xx_HAL_Driver/Src/stm32f4xx_hal_flash.o
LOAD Drivers/STM32F4xx_HAL_Driver/Src/stm32f4xx_hal_flash_ex.o
LOAD Drivers/STM32F4xx_HAL_Driver/Src/stm32f4xx_hal_flash_ramfunc.o
LOAD Drivers/STM32F4xx_HAL_Driver/Src/stm32f4xx_hal_gpio.o
LOAD Drivers/STM32F4xx_HAL_Driver/Src/stm32f4xx_hal_pwr.o
LOAD Drivers/STM32F4xx_HAL_Driver/Src/stm32f4xx_hal_pwr_ex.o
LOAD Drivers/STM32F4xx_HAL_Driver/Src/stm32f4xx_hal_rcc.o
LOAD Drivers/STM32F4xx_HAL_Driver/Src/stm32f4xx_hal_rcc_ex.o
LOAD Drivers/STM32F4xx_HAL_Driver/Src/stm32f4xx_hal_spi.o
LOAD Drivers/STM32F4xx_HAL_Driver/Src/stm32f4xx_hal_tim.o
LOAD Drivers/STM32F4xx_HAL_Driver/Src/stm32f4xx_hal_tim_ex.o
LOAD Drivers/STM32F4xx_HAL_Driver/Src/stm32f4xx_hal_uart.o
START GROUP
LOAD c:/st2/stm32cubeide_1.5.1/stm32cubeide/plugins/com.st.stm32cube.ide.mcu.externaltools.gnu-tools-for-stm32.7-2018-q2-update.win32_1.5.0.202011040924/tools/bin/../lib/gcc/arm-none-eabi/7.3.1/../../../../arm-none-eabi/lib/thumb/v7e-m/fpv4-sp/hard\libstdc++_nano.a
LOAD c:/st2/stm32cubeide_1.5.1/stm32cubeide/plugins/com.st.stm32cube.ide.mcu.externaltools.gnu-tools-for-stm32.7-2018-q2-update.win32_1.5.0.202011040924/tools/bin/../lib/gcc/arm-none-eabi/7.3.1/../../../../arm-none-eabi/lib/thumb/v7e-m/fpv4-sp/hard\libsupc++_nano.a
END GROUP
LOAD c:/st2/stm32cubeide_1.5.1/stm32cubeide/plugins/com.st.stm32cube.ide.mcu.externaltools.gnu-tools-for-stm32.7-2018-q2-update.win32_1.5.0.202011040924/tools/bin/../lib/gcc/arm-none-eabi/7.3.1/../../../../arm-none-eabi/lib/thumb/v7e-m/fpv4-sp/hard\libstdc++_nano.a
LOAD c:/st2/stm32cubeide_1.5.1/stm32cubeide/plugins/com.st.stm32cube.ide.mcu.externaltools.gnu-tools-for-stm32.7-2018-q2-update.win32_1.5.0.202011040924/tools/bin/../lib/gcc/arm-none-eabi/7.3.1/../../../../arm-none-eabi/lib/thumb/v7e-m/fpv4-sp/hard\libm.a
LOAD c:/st2/stm32cubeide_1.5.1/stm32cubeide/plugins/com.st.stm32cube.ide.mcu.externaltools.gnu-tools-for-stm32.7-2018-q2-update.win32_1.5.0.202011040924/tools/bin/../lib/gcc/arm-none-eabi/7.3.1/../../../../arm-none-eabi/lib/thumb/v7e-m/fpv4-sp/hard\libc_nano.a
START GROUP
LOAD c:/st2/stm32cubeide_1.5.1/stm32cubeide/plugins/com.st.stm32cube.ide.mcu.externaltools.gnu-tools-for-stm32.7-2018-q2-update.win32_1.5.0.202011040924/tools/bin/../lib/gcc/arm-none-eabi/7.3.1/thumb/v7e-m/fpv4-sp/hard\libgcc.a
LOAD c:/st2/stm32cubeide_1.5.1/stm32cubeide/plugins/com.st.stm32cube.ide.mcu.externaltools.gnu-tools-for-stm32.7-2018-q2-update.win32_1.5.0.202011040924/tools/bin/../lib/gcc/arm-none-eabi/7.3.1/../../../../arm-none-eabi/lib/thumb/v7e-m/fpv4-sp/hard\libc_nano.a
END GROUP
START GROUP
LOAD c:/st2/stm32cubeide_1.5.1/stm32cubeide/plugins/com.st.stm32cube.ide.mcu.externaltools.gnu-tools-for-stm32.7-2018-q2-update.win32_1.5.0.202011040924/tools/bin/../lib/gcc/arm-none-eabi/7.3.1/thumb/v7e-m/fpv4-sp/hard\libgcc.a
LOAD c:/st2/stm32cubeide_1.5.1/stm32cubeide/plugins/com.st.stm32cube.ide.mcu.externaltools.gnu-tools-for-stm32.7-2018-q2-update.win32_1.5.0.202011040924/tools/bin/../lib/gcc/arm-none-eabi/7.3.1/../../../../arm-none-eabi/lib/thumb/v7e-m/fpv4-sp/hard\libc_nano.a
LOAD c:/st2/stm32cubeide_1.5.1/stm32cubeide/plugins/com.st.stm32cube.ide.mcu.externaltools.gnu-tools-for-stm32.7-2018-q2-update.win32_1.5.0.202011040924/tools/bin/../lib/gcc/arm-none-eabi/7.3.1/../../../../arm-none-eabi/lib/thumb/v7e-m/fpv4-sp/hard\libnosys.a
END GROUP
START GROUP
LOAD c:/st2/stm32cubeide_1.5.1/stm32cubeide/plugins/com.st.stm32cube.ide.mcu.externaltools.gnu-tools-for-stm32.7-2018-q2-update.win32_1.5.0.202011040924/tools/bin/../lib/gcc/arm-none-eabi/7.3.1/thumb/v7e-m/fpv4-sp/hard\libgcc.a
LOAD c:/st2/stm32cubeide_1.5.1/stm32cubeide/plugins/com.st.stm32cube.ide.mcu.externaltools.gnu-tools-for-stm32.7-2018-q2-update.win32_1.5.0.202011040924/tools/bin/../lib/gcc/arm-none-eabi/7.3.1/../../../../arm-none-eabi/lib/thumb/v7e-m/fpv4-sp/hard\libc_nano.a
LOAD c:/st2/stm32cubeide_1.5.1/stm32cubeide/plugins/com.st.stm32cube.ide.mcu.externaltools.gnu-tools-for-stm32.7-2018-q2-update.win32_1.5.0.202011040924/tools/bin/../lib/gcc/arm-none-eabi/7.3.1/../../../../arm-none-eabi/lib/thumb/v7e-m/fpv4-sp/hard\libnosys.a
END GROUP
LOAD c:/st2/stm32cubeide_1.5.1/stm32cubeide/plugins/com.st.stm32cube.ide.mcu.externaltools.gnu-tools-for-stm32.7-2018-q2-update.win32_1.5.0.202011040924/tools/bin/../lib/gcc/arm-none-eabi/7.3.1/thumb/v7e-m/fpv4-sp/hard/crtend.o
LOAD c:/st2/stm32cubeide_1.5.1/stm32cubeide/plugins/com.st.stm32cube.ide.mcu.externaltools.gnu-tools-for-stm32.7-2018-q2-update.win32_1.5.0.202011040924/tools/bin/../lib/gcc/arm-none-eabi/7.3.1/thumb/v7e-m/fpv4-sp/hard/crtn.o
                0x0000000020020000                _estack = (ORIGIN (RAM) + LENGTH (RAM))
                0x0000000000000200                _Min_Heap_Size = 0x200
                0x0000000000000400                _Min_Stack_Size = 0x400

.isr_vector     0x0000000008000000      0x188
                0x0000000008000000                . = ALIGN (0x4)
 *(.isr_vector)
 .isr_vector    0x0000000008000000      0x188 Core/Startup/startup_stm32f405rgtx.o
                0x0000000008000000                g_pfnVectors
                0x0000000008000188                . = ALIGN (0x4)

.backup_flash   0x0000000008004000     0x4000
                0x0000000008004000                _backup_flash_start = .
                0x0000000008008000                . = (. + LENGTH (FLASH_SECTOR1))
 *fill*         0x0000000008004000     0x4000 

.text           0x0000000008008000     0xf078
                0x0000000008008000                . = ALIGN (0x4)
 *(.text)
 .text          0x0000000008008000       0x40 c:/st2/stm32cubeide_1.5.1/stm32cubeide/plugins/com.st.stm32cube.ide.mcu.externaltools.gnu-tools-for-stm32.7-2018-q2-update.win32_1.5.0.202011040924/tools/bin/../lib/gcc/arm-none-eabi/7.3.1/thumb/v7e-m/fpv4-sp/hard/crtbegin.o
 .text          0x0000000008008040       0x10 c:/st2/stm32cubeide_1.5.1/stm32cubeide/plugins/com.st.stm32cube.ide.mcu.externaltools.gnu-tools-for-stm32.7-2018-q2-update.win32_1.5.0.202011040924/tools/bin/../lib/gcc/arm-none-eabi/7.3.1/../../../../arm-none-eabi/lib/thumb/v7e-m/fpv4-sp/hard\libc_nano.a(lib_a-strlen.o)
                0x0000000008008040                strlen
 .text          0x0000000008008050       0xa0 c:/st2/stm32cubeide_1.5.1/stm32cubeide/plugins/com.st.stm32cube.ide.mcu.externaltools.gnu-tools-for-stm32.7-2018-q2-update.win32_1.5.0.202011040924/tools/bin/../lib/gcc/arm-none-eabi/7.3.1/../../../../arm-none-eabi/lib/thumb/v7e-m/fpv4-sp/hard\libc_nano.a(lib_a-memchr.o)
                0x0000000008008050                memchr
 .text          0x00000000080080f0      0x378 c:/st2/stm32cubeide_1.5.1/stm32cubeide/plugins/com.st.stm32cube.ide.mcu.externaltools.gnu-tools-for-stm32.7-2018-q2-update.win32_1.5.0.202011040924/tools/bin/../lib/gcc/arm-none-eabi/7.3.1/thumb/v7e-m/fpv4-sp/hard\libgcc.a(_arm_addsubdf3.o)
                0x00000000080080f0                __aeabi_drsub
                0x00000000080080f8                __aeabi_dsub
                0x00000000080080f8                __subdf3
                0x00000000080080fc                __aeabi_dadd
                0x00000000080080fc                __adddf3
                0x0000000008008374                __floatunsidf
                0x0000000008008374                __aeabi_ui2d
                0x0000000008008394                __floatsidf
                0x0000000008008394                __aeabi_i2d
                0x00000000080083b8                __aeabi_f2d
                0x00000000080083b8                __extendsfdf2
                0x00000000080083fc                __floatundidf
                0x00000000080083fc                __aeabi_ul2d
                0x000000000800840c                __floatdidf
                0x000000000800840c                __aeabi_l2d
 .text          0x0000000008008468      0x424 c:/st2/stm32cubeide_1.5.1/stm32cubeide/plugins/com.st.stm32cube.ide.mcu.externaltools.gnu-tools-for-stm32.7-2018-q2-update.win32_1.5.0.202011040924/tools/bin/../lib/gcc/arm-none-eabi/7.3.1/thumb/v7e-m/fpv4-sp/hard\libgcc.a(_arm_muldivdf3.o)
                0x0000000008008468                __aeabi_dmul
                0x0000000008008468                __muldf3
                0x00000000080086bc                __divdf3
                0x00000000080086bc                __aeabi_ddiv
 .text          0x000000000800888c      0x110 c:/st2/stm32cubeide_1.5.1/stm32cubeide/plugins/com.st.stm32cube.ide.mcu.externaltools.gnu-tools-for-stm32.7-2018-q2-update.win32_1.5.0.202011040924/tools/bin/../lib/gcc/arm-none-eabi/7.3.1/thumb/v7e-m/fpv4-sp/hard\libgcc.a(_arm_cmpdf2.o)
                0x000000000800888c                __gtdf2
                0x000000000800888c                __gedf2
                0x0000000008008894                __ltdf2
                0x0000000008008894                __ledf2
                0x000000000800889c                __nedf2
                0x000000000800889c                __eqdf2
                0x000000000800889c                __cmpdf2
                0x0000000008008918                __aeabi_cdrcmple
                0x0000000008008928                __aeabi_cdcmpeq
                0x0000000008008928                __aeabi_cdcmple
                0x0000000008008938                __aeabi_dcmpeq
                0x000000000800894c                __aeabi_dcmplt
                0x0000000008008960                __aeabi_dcmple
                0x0000000008008974                __aeabi_dcmpge
                0x0000000008008988                __aeabi_dcmpgt
 .text          0x000000000800899c       0x2c c:/st2/stm32cubeide_1.5.1/stm32cubeide/plugins/com.st.stm32cube.ide.mcu.externaltools.gnu-tools-for-stm32.7-2018-q2-update.win32_1.5.0.202011040924/tools/bin/../lib/gcc/arm-none-eabi/7.3.1/thumb/v7e-m/fpv4-sp/hard\libgcc.a(_arm_unorddf2.o)
                0x000000000800899c                __unorddf2
                0x000000000800899c                __aeabi_dcmpun
 .text          0x00000000080089c8       0x50 c:/st2/stm32cubeide_1.5.1/stm32cubeide/plugins/com.st.stm32cube.ide.mcu.externaltools.gnu-tools-for-stm32.7-2018-q2-update.win32_1.5.0.202011040924/tools/bin/../lib/gcc/arm-none-eabi/7.3.1/thumb/v7e-m/fpv4-sp/hard\libgcc.a(_arm_fixdfsi.o)
                0x00000000080089c8                __aeabi_d2iz
                0x00000000080089c8                __fixdfsi
 .text          0x0000000008008a18       0xa0 c:/st2/stm32cubeide_1.5.1/stm32cubeide/plugins/com.st.stm32cube.ide.mcu.externaltools.gnu-tools-for-stm32.7-2018-q2-update.win32_1.5.0.202011040924/tools/bin/../lib/gcc/arm-none-eabi/7.3.1/thumb/v7e-m/fpv4-sp/hard\libgcc.a(_arm_truncdfsf2.o)
                0x0000000008008a18                __truncdfsf2
                0x0000000008008a18                __aeabi_d2f
 .text          0x0000000008008ab8       0x30 c:/st2/stm32cubeide_1.5.1/stm32cubeide/plugins/com.st.stm32cube.ide.mcu.externaltools.gnu-tools-for-stm32.7-2018-q2-update.win32_1.5.0.202011040924/tools/bin/../lib/gcc/arm-none-eabi/7.3.1/thumb/v7e-m/fpv4-sp/hard\libgcc.a(_aeabi_uldivmod.o)
                0x0000000008008ab8                __aeabi_uldivmod
 .text          0x0000000008008ae8      0x2cc c:/st2/stm32cubeide_1.5.1/stm32cubeide/plugins/com.st.stm32cube.ide.mcu.externaltools.gnu-tools-for-stm32.7-2018-q2-update.win32_1.5.0.202011040924/tools/bin/../lib/gcc/arm-none-eabi/7.3.1/thumb/v7e-m/fpv4-sp/hard\libgcc.a(_udivmoddi4.o)
                0x0000000008008ae8                __udivmoddi4
 .text          0x0000000008008db4        0x4 c:/st2/stm32cubeide_1.5.1/stm32cubeide/plugins/com.st.stm32cube.ide.mcu.externaltools.gnu-tools-for-stm32.7-2018-q2-update.win32_1.5.0.202011040924/tools/bin/../lib/gcc/arm-none-eabi/7.3.1/thumb/v7e-m/fpv4-sp/hard\libgcc.a(_dvmd_tls.o)
                0x0000000008008db4                __aeabi_idiv0
                0x0000000008008db4                __aeabi_ldiv0
 *(.text*)
 .text.read_byte
                0x0000000008008db8       0x58 Core/Src/ICM_20648.o
                0x0000000008008db8                read_byte
 .text.write_byte
                0x0000000008008e10       0x58 Core/Src/ICM_20648.o
                0x0000000008008e10                write_byte
 .text.IMU_init
                0x0000000008008e68       0x54 Core/Src/ICM_20648.o
                0x0000000008008e68                IMU_init
 .text.read_gyro_data
                0x0000000008008ebc       0x70 Core/Src/ICM_20648.o
                0x0000000008008ebc                read_gyro_data
 .text.read_accel_data
                0x0000000008008f2c       0x70 Core/Src/ICM_20648.o
                0x0000000008008f2c                read_accel_data
 .text.__io_putchar
                0x0000000008008f9c       0x24 Core/Src/main.o
                0x0000000008008f9c                __io_putchar
 .text.Volt_Set
                0x0000000008008fc0       0x88 Core/Src/main.o
                0x0000000008008fc0                Volt_Set
 .text.Motor_Count_Clear
                0x0000000008009048       0xe8 Core/Src/main.o
                0x0000000008009048                Motor_Count_Clear
 .text.Tim_Count
                0x0000000008009130       0x80 Core/Src/main.o
                0x0000000008009130                Tim_Count
 .text.map_init
                0x00000000080091b0       0xe8 Core/Src/main.o
                0x00000000080091b0                map_init
 .text.mapcopy  0x0000000008009298      0x14c Core/Src/main.o
                0x0000000008009298                mapcopy
 .text.mapprint
                0x00000000080093e4      0x124 Core/Src/main.o
                0x00000000080093e4                mapprint
 .text.Flash_clear
                0x0000000008009508       0x52 Core/Src/main.o
                0x0000000008009508                Flash_clear
 *fill*         0x000000000800955a        0x2 
 .text.Flash_load
                0x000000000800955c       0x24 Core/Src/main.o
                0x000000000800955c                Flash_load
 .text.Flash_store
                0x0000000008009580       0x8c Core/Src/main.o
                0x0000000008009580                Flash_store
 .text.Emitter_ON
                0x000000000800960c       0x1c Core/Src/main.o
                0x000000000800960c                Emitter_ON
 .text.Emitter_OFF
                0x0000000008009628       0x1c Core/Src/main.o
                0x0000000008009628                Emitter_OFF
 .text.ADC_Start
                0x0000000008009644       0x40 Core/Src/main.o
                0x0000000008009644                ADC_Start
 .text.ADC_Stop
                0x0000000008009684       0x30 Core/Src/main.o
                0x0000000008009684                ADC_Stop
 .text.Encoder_Start
                0x00000000080096b4       0x20 Core/Src/main.o
                0x00000000080096b4                Encoder_Start
 .text.Motor_PWM_Start
                0x00000000080096d4       0x34 Core/Src/main.o
                0x00000000080096d4                Motor_PWM_Start
 .text.Motor_PWM_Stop
                0x0000000008009708       0x34 Core/Src/main.o
                0x0000000008009708                Motor_PWM_Stop
 .text.Init     0x000000000800973c       0x18 Core/Src/main.o
                0x000000000800973c                Init
 *fill*         0x0000000008009754        0x4 
 .text.IMU_Get_Data
                0x0000000008009758      0x17c Core/Src/main.o
                0x0000000008009758                IMU_Get_Data
 .text.IMU_Control
                0x00000000080098d4      0x20c Core/Src/main.o
                0x00000000080098d4                IMU_Control
 .text.LED_Change
                0x0000000008009ae0      0x17c Core/Src/main.o
                0x0000000008009ae0                LED_Change
 .text.Motor_Switch
                0x0000000008009c5c       0x94 Core/Src/main.o
                0x0000000008009c5c                Motor_Switch
 .text.ADC_Get_Data
                0x0000000008009cf0      0x268 Core/Src/main.o
                0x0000000008009cf0                ADC_Get_Data
 .text.Velocity_Get
                0x0000000008009f58       0x50 Core/Src/main.o
                0x0000000008009f58                Velocity_Get
 .text.Encoder_Reset
                0x0000000008009fa8       0x28 Core/Src/main.o
                0x0000000008009fa8                Encoder_Reset
 .text.Encoder_Count
                0x0000000008009fd0       0x9c Core/Src/main.o
                0x0000000008009fd0                Encoder_Count
 .text.Side_Wall_Control
                0x000000000800a06c      0x198 Core/Src/main.o
                0x000000000800a06c                Side_Wall_Control
 .text.Left_Wall_Control
                0x000000000800a204      0x1ac Core/Src/main.o
                0x000000000800a204                Left_Wall_Control
 .text.Right_Wall_Control
                0x000000000800a3b0      0x1ac Core/Src/main.o
                0x000000000800a3b0                Right_Wall_Control
 .text.Velocity_Control
                0x000000000800a55c      0x188 Core/Src/main.o
                0x000000000800a55c                Velocity_Control
 .text.Right_Velo_Control
                0x000000000800a6e4      0x128 Core/Src/main.o
                0x000000000800a6e4                Right_Velo_Control
 .text.Left_Velo_Control
                0x000000000800a80c      0x128 Core/Src/main.o
                0x000000000800a80c                Left_Velo_Control
 .text.Rotate_Control
                0x000000000800a934      0x218 Core/Src/main.o
                0x000000000800a934                Rotate_Control
 .text.Enc_Velo_Control
                0x000000000800ab4c      0x194 Core/Src/main.o
                0x000000000800ab4c                Enc_Velo_Control
 .text.Start_Accel
                0x000000000800ace0       0xa8 Core/Src/main.o
                0x000000000800ace0                Start_Accel
 .text.Accelerate
                0x000000000800ad88      0x158 Core/Src/main.o
                0x000000000800ad88                Accelerate
 .text.Decelerate
                0x000000000800aee0      0x15c Core/Src/main.o
                0x000000000800aee0                Decelerate
 *fill*         0x000000000800b03c        0x4 
 .text.straight
                0x000000000800b040      0x17c Core/Src/main.o
                0x000000000800b040                straight
 .text.Rotate   0x000000000800b1bc       0xfc Core/Src/main.o
                0x000000000800b1bc                Rotate
 .text.IMU_turn
                0x000000000800b2b8      0x154 Core/Src/main.o
                0x000000000800b2b8                IMU_turn
 .text.turn_right
                0x000000000800b40c      0x150 Core/Src/main.o
                0x000000000800b40c                turn_right
 .text.turn_left
                0x000000000800b55c      0x150 Core/Src/main.o
                0x000000000800b55c                turn_left
 *fill*         0x000000000800b6ac        0x4 
 .text.slow_turn_R
                0x000000000800b6b0      0x16c Core/Src/main.o
                0x000000000800b6b0                slow_turn_R
 *fill*         0x000000000800b81c        0x4 
 .text.slow_turn_L
                0x000000000800b820      0x16c Core/Src/main.o
                0x000000000800b820                slow_turn_L
 *fill*         0x000000000800b98c        0x4 
 .text.shinchi_turn_R
                0x000000000800b990      0x188 Core/Src/main.o
                0x000000000800b990                shinchi_turn_R
 .text.shinchi_turn_L
                0x000000000800bb18      0x188 Core/Src/main.o
                0x000000000800bb18                shinchi_turn_L
 .text.rotate180
                0x000000000800bca0      0x174 Core/Src/main.o
                0x000000000800bca0                rotate180
 *fill*         0x000000000800be14        0x4 
 .text.adjust_position
                0x000000000800be18       0xc0 Core/Src/main.o
                0x000000000800be18                adjust_position
 .text.back_calib
                0x000000000800bed8       0xd4 Core/Src/main.o
                0x000000000800bed8                back_calib
 .text.start_calib
                0x000000000800bfac       0x38 Core/Src/main.o
                0x000000000800bfac                start_calib
 *fill*         0x000000000800bfe4        0x4 
 .text.R_turn_select
                0x000000000800bfe8       0x98 Core/Src/main.o
                0x000000000800bfe8                R_turn_select
 .text.L_turn_select
                0x000000000800c080       0x98 Core/Src/main.o
                0x000000000800c080                L_turn_select
 .text.Execution_Select
                0x000000000800c118      0x1a0 Core/Src/main.o
                0x000000000800c118                Execution_Select
 .text.Walk_Map_Update
                0x000000000800c2b8      0x278 Core/Src/main.o
                0x000000000800c2b8                Walk_Map_Update
 .text.Tire_Maintenance
                0x000000000800c530       0x68 Core/Src/main.o
                0x000000000800c530                Tire_Maintenance
 .text.wall_set
                0x000000000800c598      0x25c Core/Src/main.o
                0x000000000800c598                wall_set
 .text.judge    0x000000000800c7f4      0x46c Core/Src/main.o
                0x000000000800c7f4                judge
 .text.left_search
                0x000000000800cc60       0xe4 Core/Src/main.o
                0x000000000800cc60                left_search
 .text.Adachi_judge
                0x000000000800cd44      0x798 Core/Src/main.o
                0x000000000800cd44                Adachi_judge
 .text.Adachi_search
                0x000000000800d4dc       0xc8 Core/Src/main.o
                0x000000000800d4dc                Adachi_search
 .text.HAL_ADC_ConvCpltCallback
                0x000000000800d5a4       0x14 Core/Src/main.o
                0x000000000800d5a4                HAL_ADC_ConvCpltCallback
 .text.HAL_TIM_PeriodElapsedCallback
                0x000000000800d5b8      0x7f0 Core/Src/main.o
                0x000000000800d5b8                HAL_TIM_PeriodElapsedCallback
 .text.main     0x000000000800dda8      0x240 Core/Src/main.o
                0x000000000800dda8                main
 .text.SystemClock_Config
                0x000000000800dfe8       0xd4 Core/Src/main.o
                0x000000000800dfe8                SystemClock_Config
 .text.MX_ADC1_Init
                0x000000000800e0bc       0xdc Core/Src/main.o
 .text.MX_ADC2_Init
                0x000000000800e198       0xc0 Core/Src/main.o
 .text.MX_SPI3_Init
                0x000000000800e258       0x6c Core/Src/main.o
 .text.MX_TIM1_Init
                0x000000000800e2c4       0xa0 Core/Src/main.o
 .text.MX_TIM2_Init
                0x000000000800e364       0xec Core/Src/main.o
 .text.MX_TIM3_Init
                0x000000000800e450       0xa8 Core/Src/main.o
 .text.MX_TIM4_Init
                0x000000000800e4f8       0xa8 Core/Src/main.o
 .text.MX_TIM5_Init
                0x000000000800e5a0       0xec Core/Src/main.o
 .text.MX_TIM8_Init
                0x000000000800e68c      0x150 Core/Src/main.o
 .text.MX_USART1_UART_Init
                0x000000000800e7dc       0x54 Core/Src/main.o
 .text.MX_DMA_Init
                0x000000000800e830       0x50 Core/Src/main.o
 .text.MX_GPIO_Init
                0x000000000800e880      0x178 Core/Src/main.o
 .text.Error_Handler
                0x000000000800e9f8        0x8 Core/Src/main.o
                0x000000000800e9f8                Error_Handler
 .text.HAL_MspInit
                0x000000000800ea00       0x5c Core/Src/stm32f4xx_hal_msp.o
                0x000000000800ea00                HAL_MspInit
 .text.HAL_ADC_MspInit
                0x000000000800ea5c      0x210 Core/Src/stm32f4xx_hal_msp.o
                0x000000000800ea5c                HAL_ADC_MspInit
 .text.HAL_SPI_MspInit
                0x000000000800ec6c       0x90 Core/Src/stm32f4xx_hal_msp.o
                0x000000000800ec6c                HAL_SPI_MspInit
 .text.HAL_TIM_Base_MspInit
                0x000000000800ecfc      0x120 Core/Src/stm32f4xx_hal_msp.o
                0x000000000800ecfc                HAL_TIM_Base_MspInit
 .text.HAL_TIM_Encoder_MspInit
                0x000000000800ee1c      0x11c Core/Src/stm32f4xx_hal_msp.o
                0x000000000800ee1c                HAL_TIM_Encoder_MspInit
 .text.HAL_TIM_MspPostInit
                0x000000000800ef38      0x148 Core/Src/stm32f4xx_hal_msp.o
                0x000000000800ef38                HAL_TIM_MspPostInit
 .text.HAL_UART_MspInit
                0x000000000800f080       0x90 Core/Src/stm32f4xx_hal_msp.o
                0x000000000800f080                HAL_UART_MspInit
 .text.NMI_Handler
                0x000000000800f110        0x6 Core/Src/stm32f4xx_it.o
                0x000000000800f110                NMI_Handler
 .text.HardFault_Handler
                0x000000000800f116        0x6 Core/Src/stm32f4xx_it.o
                0x000000000800f116                HardFault_Handler
 .text.MemManage_Handler
                0x000000000800f11c        0x6 Core/Src/stm32f4xx_it.o
                0x000000000800f11c                MemManage_Handler
 .text.BusFault_Handler
                0x000000000800f122        0x6 Core/Src/stm32f4xx_it.o
                0x000000000800f122                BusFault_Handler
 .text.UsageFault_Handler
                0x000000000800f128        0x6 Core/Src/stm32f4xx_it.o
                0x000000000800f128                UsageFault_Handler
 .text.SVC_Handler
                0x000000000800f12e        0xe Core/Src/stm32f4xx_it.o
                0x000000000800f12e                SVC_Handler
 .text.DebugMon_Handler
                0x000000000800f13c        0xe Core/Src/stm32f4xx_it.o
                0x000000000800f13c                DebugMon_Handler
 .text.PendSV_Handler
                0x000000000800f14a        0xe Core/Src/stm32f4xx_it.o
                0x000000000800f14a                PendSV_Handler
 .text.SysTick_Handler
                0x000000000800f158        0xc Core/Src/stm32f4xx_it.o
                0x000000000800f158                SysTick_Handler
 .text.FLASH_IRQHandler
                0x000000000800f164        0xc Core/Src/stm32f4xx_it.o
                0x000000000800f164                FLASH_IRQHandler
 .text.ADC_IRQHandler
                0x000000000800f170       0x1c Core/Src/stm32f4xx_it.o
                0x000000000800f170                ADC_IRQHandler
 .text.TIM1_UP_TIM10_IRQHandler
                0x000000000800f18c       0x14 Core/Src/stm32f4xx_it.o
                0x000000000800f18c                TIM1_UP_TIM10_IRQHandler
 .text.TIM2_IRQHandler
                0x000000000800f1a0       0x14 Core/Src/stm32f4xx_it.o
                0x000000000800f1a0                TIM2_IRQHandler
 .text.TIM3_IRQHandler
                0x000000000800f1b4       0x14 Core/Src/stm32f4xx_it.o
                0x000000000800f1b4                TIM3_IRQHandler
 .text.TIM4_IRQHandler
                0x000000000800f1c8       0x14 Core/Src/stm32f4xx_it.o
                0x000000000800f1c8                TIM4_IRQHandler
 .text.TIM8_UP_TIM13_IRQHandler
                0x000000000800f1dc       0x14 Core/Src/stm32f4xx_it.o
                0x000000000800f1dc                TIM8_UP_TIM13_IRQHandler
 .text.TIM8_TRG_COM_TIM14_IRQHandler
                0x000000000800f1f0       0x14 Core/Src/stm32f4xx_it.o
                0x000000000800f1f0                TIM8_TRG_COM_TIM14_IRQHandler
 .text.TIM8_CC_IRQHandler
                0x000000000800f204       0x14 Core/Src/stm32f4xx_it.o
                0x000000000800f204                TIM8_CC_IRQHandler
 .text.TIM5_IRQHandler
                0x000000000800f218       0x14 Core/Src/stm32f4xx_it.o
                0x000000000800f218                TIM5_IRQHandler
 .text.DMA2_Stream0_IRQHandler
                0x000000000800f22c       0x14 Core/Src/stm32f4xx_it.o
                0x000000000800f22c                DMA2_Stream0_IRQHandler
 .text.DMA2_Stream2_IRQHandler
                0x000000000800f240       0x14 Core/Src/stm32f4xx_it.o
                0x000000000800f240                DMA2_Stream2_IRQHandler
 .text._read    0x000000000800f254       0x3a Core/Src/syscalls.o
                0x000000000800f254                _read
 .text._write   0x000000000800f28e       0x38 Core/Src/syscalls.o
                0x000000000800f28e                _write
 .text._close   0x000000000800f2c6       0x18 Core/Src/syscalls.o
                0x000000000800f2c6                _close
 .text._fstat   0x000000000800f2de       0x20 Core/Src/syscalls.o
                0x000000000800f2de                _fstat
 .text._isatty  0x000000000800f2fe       0x16 Core/Src/syscalls.o
                0x000000000800f2fe                _isatty
 .text._lseek   0x000000000800f314       0x1a Core/Src/syscalls.o
                0x000000000800f314                _lseek
 *fill*         0x000000000800f32e        0x2 
 .text._sbrk    0x000000000800f330       0x6c Core/Src/sysmem.o
                0x000000000800f330                _sbrk
 .text.SystemInit
                0x000000000800f39c       0x2c Core/Src/system_stm32f4xx.o
                0x000000000800f39c                SystemInit
 .text.Reset_Handler
                0x000000000800f3c8       0x50 Core/Startup/startup_stm32f405rgtx.o
                0x000000000800f3c8                Reset_Handler
 .text.Default_Handler
                0x000000000800f418        0x2 Core/Startup/startup_stm32f405rgtx.o
                0x000000000800f418                RTC_Alarm_IRQHandler
                0x000000000800f418                HASH_RNG_IRQHandler
                0x000000000800f418                EXTI2_IRQHandler
                0x000000000800f418                TIM1_CC_IRQHandler
                0x000000000800f418                DMA2_Stream5_IRQHandler
                0x000000000800f418                DMA1_Stream5_IRQHandler
                0x000000000800f418                PVD_IRQHandler
                0x000000000800f418                SDIO_IRQHandler
                0x000000000800f418                TAMP_STAMP_IRQHandler
                0x000000000800f418                CAN2_RX1_IRQHandler
                0x000000000800f418                EXTI3_IRQHandler
                0x000000000800f418                I2C3_ER_IRQHandler
                0x000000000800f418                EXTI0_IRQHandler
                0x000000000800f418                I2C2_EV_IRQHandler
                0x000000000800f418                DMA1_Stream2_IRQHandler
                0x000000000800f418                CAN1_RX0_IRQHandler
                0x000000000800f418                FPU_IRQHandler
                0x000000000800f418                OTG_HS_WKUP_IRQHandler
                0x000000000800f418                CAN2_SCE_IRQHandler
                0x000000000800f418                SPI1_IRQHandler
                0x000000000800f418                TIM6_DAC_IRQHandler
                0x000000000800f418                TIM1_BRK_TIM9_IRQHandler
                0x000000000800f418                CAN2_RX0_IRQHandler
                0x000000000800f418                DMA2_Stream3_IRQHandler
                0x000000000800f418                USART6_IRQHandler
                0x000000000800f418                USART3_IRQHandler
                0x000000000800f418                CAN1_RX1_IRQHandler
                0x000000000800f418                UART5_IRQHandler
                0x000000000800f418                I2C1_EV_IRQHandler
                0x000000000800f418                DMA1_Stream6_IRQHandler
                0x000000000800f418                DMA1_Stream1_IRQHandler
                0x000000000800f418                UART4_IRQHandler
                0x000000000800f418                RCC_IRQHandler
                0x000000000800f418                TIM8_BRK_TIM12_IRQHandler
                0x000000000800f418                Default_Handler
                0x000000000800f418                EXTI15_10_IRQHandler
                0x000000000800f418                DMA1_Stream7_IRQHandler
                0x000000000800f418                TIM7_IRQHandler
                0x000000000800f418                CAN2_TX_IRQHandler
                0x000000000800f418                DMA2_Stream7_IRQHandler
                0x000000000800f418                I2C3_EV_IRQHandler
                0x000000000800f418                EXTI9_5_IRQHandler
                0x000000000800f418                RTC_WKUP_IRQHandler
                0x000000000800f418                SPI2_IRQHandler
                0x000000000800f418                OTG_HS_EP1_IN_IRQHandler
                0x000000000800f418                DMA1_Stream0_IRQHandler
                0x000000000800f418                CAN1_TX_IRQHandler
                0x000000000800f418                EXTI4_IRQHandler
                0x000000000800f418                FSMC_IRQHandler
                0x000000000800f418                OTG_HS_EP1_OUT_IRQHandler
                0x000000000800f418                WWDG_IRQHandler
                0x000000000800f418                OTG_FS_WKUP_IRQHandler
                0x000000000800f418                TIM1_TRG_COM_TIM11_IRQHandler
                0x000000000800f418                OTG_HS_IRQHandler
                0x000000000800f418                EXTI1_IRQHandler
                0x000000000800f418                USART2_IRQHandler
                0x000000000800f418                I2C2_ER_IRQHandler
                0x000000000800f418                DMA2_Stream1_IRQHandler
                0x000000000800f418                CAN1_SCE_IRQHandler
                0x000000000800f418                DMA2_Stream4_IRQHandler
                0x000000000800f418                USART1_IRQHandler
                0x000000000800f418                OTG_FS_IRQHandler
                0x000000000800f418                SPI3_IRQHandler
                0x000000000800f418                DMA1_Stream4_IRQHandler
                0x000000000800f418                I2C1_ER_IRQHandler
                0x000000000800f418                DMA2_Stream6_IRQHandler
                0x000000000800f418                DMA1_Stream3_IRQHandler
 *fill*         0x000000000800f41a        0x2 
 .text.HAL_Init
                0x000000000800f41c       0x44 Drivers/STM32F4xx_HAL_Driver/Src/stm32f4xx_hal.o
                0x000000000800f41c                HAL_Init
 .text.HAL_InitTick
                0x000000000800f460       0x60 Drivers/STM32F4xx_HAL_Driver/Src/stm32f4xx_hal.o
                0x000000000800f460                HAL_InitTick
 .text.HAL_IncTick
                0x000000000800f4c0       0x28 Drivers/STM32F4xx_HAL_Driver/Src/stm32f4xx_hal.o
                0x000000000800f4c0                HAL_IncTick
 .text.HAL_GetTick
                0x000000000800f4e8       0x18 Drivers/STM32F4xx_HAL_Driver/Src/stm32f4xx_hal.o
                0x000000000800f4e8                HAL_GetTick
 .text.HAL_Delay
                0x000000000800f500       0x44 Drivers/STM32F4xx_HAL_Driver/Src/stm32f4xx_hal.o
                0x000000000800f500                HAL_Delay
 .text.HAL_ADC_Init
                0x000000000800f544       0x86 Drivers/STM32F4xx_HAL_Driver/Src/stm32f4xx_hal_adc.o
                0x000000000800f544                HAL_ADC_Init
 .text.HAL_ADC_IRQHandler
                0x000000000800f5ca      0x282 Drivers/STM32F4xx_HAL_Driver/Src/stm32f4xx_hal_adc.o
                0x000000000800f5ca                HAL_ADC_IRQHandler
 .text.HAL_ADC_Start_DMA
                0x000000000800f84c      0x1e4 Drivers/STM32F4xx_HAL_Driver/Src/stm32f4xx_hal_adc.o
                0x000000000800f84c                HAL_ADC_Start_DMA
 .text.HAL_ADC_Stop_DMA
                0x000000000800fa30       0x94 Drivers/STM32F4xx_HAL_Driver/Src/stm32f4xx_hal_adc.o
                0x000000000800fa30                HAL_ADC_Stop_DMA
 .text.HAL_ADC_ConvHalfCpltCallback
                0x000000000800fac4       0x14 Drivers/STM32F4xx_HAL_Driver/Src/stm32f4xx_hal_adc.o
                0x000000000800fac4                HAL_ADC_ConvHalfCpltCallback
 .text.HAL_ADC_LevelOutOfWindowCallback
                0x000000000800fad8       0x14 Drivers/STM32F4xx_HAL_Driver/Src/stm32f4xx_hal_adc.o
                0x000000000800fad8                HAL_ADC_LevelOutOfWindowCallback
 .text.HAL_ADC_ErrorCallback
                0x000000000800faec       0x14 Drivers/STM32F4xx_HAL_Driver/Src/stm32f4xx_hal_adc.o
                0x000000000800faec                HAL_ADC_ErrorCallback
 .text.HAL_ADC_ConfigChannel
                0x000000000800fb00      0x244 Drivers/STM32F4xx_HAL_Driver/Src/stm32f4xx_hal_adc.o
                0x000000000800fb00                HAL_ADC_ConfigChannel
 .text.ADC_Init
                0x000000000800fd44      0x1f8 Drivers/STM32F4xx_HAL_Driver/Src/stm32f4xx_hal_adc.o
 .text.ADC_DMAConvCplt
                0x000000000800ff3c       0xba Drivers/STM32F4xx_HAL_Driver/Src/stm32f4xx_hal_adc.o
 .text.ADC_DMAHalfConvCplt
                0x000000000800fff6       0x1c Drivers/STM32F4xx_HAL_Driver/Src/stm32f4xx_hal_adc.o
 .text.ADC_DMAError
                0x0000000008010012       0x2e Drivers/STM32F4xx_HAL_Driver/Src/stm32f4xx_hal_adc.o
 .text.HAL_ADCEx_InjectedConvCpltCallback
                0x0000000008010040       0x14 Drivers/STM32F4xx_HAL_Driver/Src/stm32f4xx_hal_adc_ex.o
                0x0000000008010040                HAL_ADCEx_InjectedConvCpltCallback
 .text.__NVIC_SetPriorityGrouping
                0x0000000008010054       0x48 Drivers/STM32F4xx_HAL_Driver/Src/stm32f4xx_hal_cortex.o
 .text.__NVIC_GetPriorityGrouping
                0x000000000801009c       0x1c Drivers/STM32F4xx_HAL_Driver/Src/stm32f4xx_hal_cortex.o
 .text.__NVIC_EnableIRQ
                0x00000000080100b8       0x3c Drivers/STM32F4xx_HAL_Driver/Src/stm32f4xx_hal_cortex.o
 .text.__NVIC_SetPriority
                0x00000000080100f4       0x54 Drivers/STM32F4xx_HAL_Driver/Src/stm32f4xx_hal_cortex.o
 .text.NVIC_EncodePriority
                0x0000000008010148       0x66 Drivers/STM32F4xx_HAL_Driver/Src/stm32f4xx_hal_cortex.o
 *fill*         0x00000000080101ae        0x2 
 .text.SysTick_Config
                0x00000000080101b0       0x44 Drivers/STM32F4xx_HAL_Driver/Src/stm32f4xx_hal_cortex.o
 .text.HAL_NVIC_SetPriorityGrouping
                0x00000000080101f4       0x16 Drivers/STM32F4xx_HAL_Driver/Src/stm32f4xx_hal_cortex.o
                0x00000000080101f4                HAL_NVIC_SetPriorityGrouping
 .text.HAL_NVIC_SetPriority
                0x000000000801020a       0x38 Drivers/STM32F4xx_HAL_Driver/Src/stm32f4xx_hal_cortex.o
                0x000000000801020a                HAL_NVIC_SetPriority
 .text.HAL_NVIC_EnableIRQ
                0x0000000008010242       0x1c Drivers/STM32F4xx_HAL_Driver/Src/stm32f4xx_hal_cortex.o
                0x0000000008010242                HAL_NVIC_EnableIRQ
 .text.HAL_SYSTICK_Config
                0x000000000801025e       0x18 Drivers/STM32F4xx_HAL_Driver/Src/stm32f4xx_hal_cortex.o
                0x000000000801025e                HAL_SYSTICK_Config
 *fill*         0x0000000008010276        0x2 
 .text.HAL_DMA_Init
                0x0000000008010278      0x15c Drivers/STM32F4xx_HAL_Driver/Src/stm32f4xx_hal_dma.o
                0x0000000008010278                HAL_DMA_Init
 .text.HAL_DMA_Start_IT
                0x00000000080103d4       0xb0 Drivers/STM32F4xx_HAL_Driver/Src/stm32f4xx_hal_dma.o
                0x00000000080103d4                HAL_DMA_Start_IT
 .text.HAL_DMA_Abort
                0x0000000008010484       0xe0 Drivers/STM32F4xx_HAL_Driver/Src/stm32f4xx_hal_dma.o
                0x0000000008010484                HAL_DMA_Abort
 .text.HAL_DMA_IRQHandler
                0x0000000008010564      0x314 Drivers/STM32F4xx_HAL_Driver/Src/stm32f4xx_hal_dma.o
                0x0000000008010564                HAL_DMA_IRQHandler
 .text.DMA_SetConfig
                0x0000000008010878       0x5c Drivers/STM32F4xx_HAL_Driver/Src/stm32f4xx_hal_dma.o
 .text.DMA_CalcBaseAndBitshift
                0x00000000080108d4       0x6c Drivers/STM32F4xx_HAL_Driver/Src/stm32f4xx_hal_dma.o
 .text.DMA_CheckFifoParam
                0x0000000008010940       0xf4 Drivers/STM32F4xx_HAL_Driver/Src/stm32f4xx_hal_dma.o
 .text.HAL_FLASH_Program
                0x0000000008010a34       0xa8 Drivers/STM32F4xx_HAL_Driver/Src/stm32f4xx_hal_flash.o
                0x0000000008010a34                HAL_FLASH_Program
 .text.HAL_FLASH_IRQHandler
                0x0000000008010adc      0x140 Drivers/STM32F4xx_HAL_Driver/Src/stm32f4xx_hal_flash.o
                0x0000000008010adc                HAL_FLASH_IRQHandler
 .text.HAL_FLASH_EndOfOperationCallback
                0x0000000008010c1c       0x14 Drivers/STM32F4xx_HAL_Driver/Src/stm32f4xx_hal_flash.o
                0x0000000008010c1c                HAL_FLASH_EndOfOperationCallback
 .text.HAL_FLASH_OperationErrorCallback
                0x0000000008010c30       0x14 Drivers/STM32F4xx_HAL_Driver/Src/stm32f4xx_hal_flash.o
                0x0000000008010c30                HAL_FLASH_OperationErrorCallback
 .text.HAL_FLASH_Unlock
                0x0000000008010c44       0x44 Drivers/STM32F4xx_HAL_Driver/Src/stm32f4xx_hal_flash.o
                0x0000000008010c44                HAL_FLASH_Unlock
 .text.HAL_FLASH_Lock
                0x0000000008010c88       0x20 Drivers/STM32F4xx_HAL_Driver/Src/stm32f4xx_hal_flash.o
                0x0000000008010c88                HAL_FLASH_Lock
 .text.FLASH_WaitForLastOperation
                0x0000000008010ca8       0x80 Drivers/STM32F4xx_HAL_Driver/Src/stm32f4xx_hal_flash.o
                0x0000000008010ca8                FLASH_WaitForLastOperation
 .text.FLASH_Program_DoubleWord
                0x0000000008010d28       0x60 Drivers/STM32F4xx_HAL_Driver/Src/stm32f4xx_hal_flash.o
 .text.FLASH_Program_Word
                0x0000000008010d88       0x44 Drivers/STM32F4xx_HAL_Driver/Src/stm32f4xx_hal_flash.o
 .text.FLASH_Program_HalfWord
                0x0000000008010dcc       0x48 Drivers/STM32F4xx_HAL_Driver/Src/stm32f4xx_hal_flash.o
 .text.FLASH_Program_Byte
                0x0000000008010e14       0x44 Drivers/STM32F4xx_HAL_Driver/Src/stm32f4xx_hal_flash.o
 .text.FLASH_SetErrorCode
                0x0000000008010e58       0xac Drivers/STM32F4xx_HAL_Driver/Src/stm32f4xx_hal_flash.o
 .text.HAL_FLASHEx_Erase
                0x0000000008010f04       0xe0 Drivers/STM32F4xx_HAL_Driver/Src/stm32f4xx_hal_flash_ex.o
                0x0000000008010f04                HAL_FLASHEx_Erase
 .text.FLASH_MassErase
                0x0000000008010fe4       0x48 Drivers/STM32F4xx_HAL_Driver/Src/stm32f4xx_hal_flash_ex.o
 .text.FLASH_Erase_Sector
                0x000000000801102c       0x90 Drivers/STM32F4xx_HAL_Driver/Src/stm32f4xx_hal_flash_ex.o
                0x000000000801102c                FLASH_Erase_Sector
 .text.FLASH_FlushCaches
                0x00000000080110bc       0x8c Drivers/STM32F4xx_HAL_Driver/Src/stm32f4xx_hal_flash_ex.o
                0x00000000080110bc                FLASH_FlushCaches
 .text.HAL_GPIO_Init
                0x0000000008011148      0x334 Drivers/STM32F4xx_HAL_Driver/Src/stm32f4xx_hal_gpio.o
                0x0000000008011148                HAL_GPIO_Init
 .text.HAL_GPIO_ReadPin
                0x000000000801147c       0x30 Drivers/STM32F4xx_HAL_Driver/Src/stm32f4xx_hal_gpio.o
                0x000000000801147c                HAL_GPIO_ReadPin
 .text.HAL_GPIO_WritePin
                0x00000000080114ac       0x32 Drivers/STM32F4xx_HAL_Driver/Src/stm32f4xx_hal_gpio.o
                0x00000000080114ac                HAL_GPIO_WritePin
 *fill*         0x00000000080114de        0x2 
 .text.HAL_RCC_OscConfig
                0x00000000080114e0      0x4e0 Drivers/STM32F4xx_HAL_Driver/Src/stm32f4xx_hal_rcc.o
                0x00000000080114e0                HAL_RCC_OscConfig
 .text.HAL_RCC_ClockConfig
                0x00000000080119c0      0x1cc Drivers/STM32F4xx_HAL_Driver/Src/stm32f4xx_hal_rcc.o
                0x00000000080119c0                HAL_RCC_ClockConfig
 .text.HAL_RCC_GetSysClockFreq
                0x0000000008011b8c      0x1b0 Drivers/STM32F4xx_HAL_Driver/Src/stm32f4xx_hal_rcc.o
                0x0000000008011b8c                HAL_RCC_GetSysClockFreq
 .text.HAL_RCC_GetHCLKFreq
                0x0000000008011d3c       0x18 Drivers/STM32F4xx_HAL_Driver/Src/stm32f4xx_hal_rcc.o
                0x0000000008011d3c                HAL_RCC_GetHCLKFreq
 .text.HAL_RCC_GetPCLK1Freq
                0x0000000008011d54       0x28 Drivers/STM32F4xx_HAL_Driver/Src/stm32f4xx_hal_rcc.o
                0x0000000008011d54                HAL_RCC_GetPCLK1Freq
 .text.HAL_RCC_GetPCLK2Freq
                0x0000000008011d7c       0x28 Drivers/STM32F4xx_HAL_Driver/Src/stm32f4xx_hal_rcc.o
                0x0000000008011d7c                HAL_RCC_GetPCLK2Freq
 .text.HAL_SPI_Init
                0x0000000008011da4       0xc8 Drivers/STM32F4xx_HAL_Driver/Src/stm32f4xx_hal_spi.o
                0x0000000008011da4                HAL_SPI_Init
 .text.HAL_SPI_Transmit
                0x0000000008011e6c      0x268 Drivers/STM32F4xx_HAL_Driver/Src/stm32f4xx_hal_spi.o
                0x0000000008011e6c                HAL_SPI_Transmit
 .text.HAL_SPI_Receive
                0x00000000080120d4      0x212 Drivers/STM32F4xx_HAL_Driver/Src/stm32f4xx_hal_spi.o
                0x00000000080120d4                HAL_SPI_Receive
 .text.HAL_SPI_TransmitReceive
                0x00000000080122e6      0x344 Drivers/STM32F4xx_HAL_Driver/Src/stm32f4xx_hal_spi.o
                0x00000000080122e6                HAL_SPI_TransmitReceive
 .text.SPI_WaitFlagStateUntilTimeout
                0x000000000801262a       0xd4 Drivers/STM32F4xx_HAL_Driver/Src/stm32f4xx_hal_spi.o
 .text.SPI_EndRxTransaction
                0x00000000080126fe       0xca Drivers/STM32F4xx_HAL_Driver/Src/stm32f4xx_hal_spi.o
 .text.SPI_EndRxTxTransaction
                0x00000000080127c8       0x84 Drivers/STM32F4xx_HAL_Driver/Src/stm32f4xx_hal_spi.o
 .text.HAL_TIM_Base_Init
                0x000000000801284c       0x56 Drivers/STM32F4xx_HAL_Driver/Src/stm32f4xx_hal_tim.o
                0x000000000801284c                HAL_TIM_Base_Init
 .text.HAL_TIM_Base_Start_IT
                0x00000000080128a2       0x48 Drivers/STM32F4xx_HAL_Driver/Src/stm32f4xx_hal_tim.o
                0x00000000080128a2                HAL_TIM_Base_Start_IT
 .text.HAL_TIM_Base_Stop_IT
                0x00000000080128ea       0x56 Drivers/STM32F4xx_HAL_Driver/Src/stm32f4xx_hal_tim.o
                0x00000000080128ea                HAL_TIM_Base_Stop_IT
 .text.HAL_TIM_OC_Init
                0x0000000008012940       0x56 Drivers/STM32F4xx_HAL_Driver/Src/stm32f4xx_hal_tim.o
                0x0000000008012940                HAL_TIM_OC_Init
 .text.HAL_TIM_OC_MspInit
                0x0000000008012996       0x14 Drivers/STM32F4xx_HAL_Driver/Src/stm32f4xx_hal_tim.o
                0x0000000008012996                HAL_TIM_OC_MspInit
 *fill*         0x00000000080129aa        0x2 
 .text.HAL_TIM_OC_Start_IT
                0x00000000080129ac      0x108 Drivers/STM32F4xx_HAL_Driver/Src/stm32f4xx_hal_tim.o
                0x00000000080129ac                HAL_TIM_OC_Start_IT
 .text.HAL_TIM_OC_Stop_IT
                0x0000000008012ab4      0x134 Drivers/STM32F4xx_HAL_Driver/Src/stm32f4xx_hal_tim.o
                0x0000000008012ab4                HAL_TIM_OC_Stop_IT
 .text.HAL_TIM_PWM_Init
                0x0000000008012be8       0x56 Drivers/STM32F4xx_HAL_Driver/Src/stm32f4xx_hal_tim.o
                0x0000000008012be8                HAL_TIM_PWM_Init
 .text.HAL_TIM_PWM_MspInit
                0x0000000008012c3e       0x14 Drivers/STM32F4xx_HAL_Driver/Src/stm32f4xx_hal_tim.o
                0x0000000008012c3e                HAL_TIM_PWM_MspInit
 *fill*         0x0000000008012c52        0x2 
 .text.HAL_TIM_PWM_Start
                0x0000000008012c54       0x7c Drivers/STM32F4xx_HAL_Driver/Src/stm32f4xx_hal_tim.o
                0x0000000008012c54                HAL_TIM_PWM_Start
 .text.HAL_TIM_PWM_Stop
                0x0000000008012cd0       0xb0 Drivers/STM32F4xx_HAL_Driver/Src/stm32f4xx_hal_tim.o
                0x0000000008012cd0                HAL_TIM_PWM_Stop
 .text.HAL_TIM_Encoder_Init
                0x0000000008012d80      0x124 Drivers/STM32F4xx_HAL_Driver/Src/stm32f4xx_hal_tim.o
                0x0000000008012d80                HAL_TIM_Encoder_Init
 .text.HAL_TIM_Encoder_Start
                0x0000000008012ea4       0x6e Drivers/STM32F4xx_HAL_Driver/Src/stm32f4xx_hal_tim.o
                0x0000000008012ea4                HAL_TIM_Encoder_Start
 .text.HAL_TIM_IRQHandler
                0x0000000008012f12      0x210 Drivers/STM32F4xx_HAL_Driver/Src/stm32f4xx_hal_tim.o
                0x0000000008012f12                HAL_TIM_IRQHandler
 *fill*         0x0000000008013122        0x2 
 .text.HAL_TIM_OC_ConfigChannel
                0x0000000008013124       0xc0 Drivers/STM32F4xx_HAL_Driver/Src/stm32f4xx_hal_tim.o
                0x0000000008013124                HAL_TIM_OC_ConfigChannel
 .text.HAL_TIM_PWM_ConfigChannel
                0x00000000080131e4      0x18c Drivers/STM32F4xx_HAL_Driver/Src/stm32f4xx_hal_tim.o
                0x00000000080131e4                HAL_TIM_PWM_ConfigChannel
 .text.HAL_TIM_ConfigClockSource
                0x0000000008013370      0x16e Drivers/STM32F4xx_HAL_Driver/Src/stm32f4xx_hal_tim.o
                0x0000000008013370                HAL_TIM_ConfigClockSource
 .text.HAL_TIM_OC_DelayElapsedCallback
                0x00000000080134de       0x14 Drivers/STM32F4xx_HAL_Driver/Src/stm32f4xx_hal_tim.o
                0x00000000080134de                HAL_TIM_OC_DelayElapsedCallback
 .text.HAL_TIM_IC_CaptureCallback
                0x00000000080134f2       0x14 Drivers/STM32F4xx_HAL_Driver/Src/stm32f4xx_hal_tim.o
                0x00000000080134f2                HAL_TIM_IC_CaptureCallback
 .text.HAL_TIM_PWM_PulseFinishedCallback
                0x0000000008013506       0x14 Drivers/STM32F4xx_HAL_Driver/Src/stm32f4xx_hal_tim.o
                0x0000000008013506                HAL_TIM_PWM_PulseFinishedCallback
 .text.HAL_TIM_TriggerCallback
                0x000000000801351a       0x14 Drivers/STM32F4xx_HAL_Driver/Src/stm32f4xx_hal_tim.o
                0x000000000801351a                HAL_TIM_TriggerCallback
 *fill*         0x000000000801352e        0x2 
 .text.TIM_Base_SetConfig
                0x0000000008013530      0x140 Drivers/STM32F4xx_HAL_Driver/Src/stm32f4xx_hal_tim.o
                0x0000000008013530                TIM_Base_SetConfig
 .text.TIM_OC1_SetConfig
                0x0000000008013670       0xe0 Drivers/STM32F4xx_HAL_Driver/Src/stm32f4xx_hal_tim.o
 .text.TIM_OC2_SetConfig
                0x0000000008013750       0xec Drivers/STM32F4xx_HAL_Driver/Src/stm32f4xx_hal_tim.o
                0x0000000008013750                TIM_OC2_SetConfig
 .text.TIM_OC3_SetConfig
                0x000000000801383c       0xe8 Drivers/STM32F4xx_HAL_Driver/Src/stm32f4xx_hal_tim.o
 .text.TIM_OC4_SetConfig
                0x0000000008013924       0xac Drivers/STM32F4xx_HAL_Driver/Src/stm32f4xx_hal_tim.o
 .text.TIM_TI1_ConfigInputStage
                0x00000000080139d0       0x5e Drivers/STM32F4xx_HAL_Driver/Src/stm32f4xx_hal_tim.o
 .text.TIM_TI2_ConfigInputStage
                0x0000000008013a2e       0x60 Drivers/STM32F4xx_HAL_Driver/Src/stm32f4xx_hal_tim.o
 .text.TIM_ITRx_SetConfig
                0x0000000008013a8e       0x36 Drivers/STM32F4xx_HAL_Driver/Src/stm32f4xx_hal_tim.o
 .text.TIM_ETR_SetConfig
                0x0000000008013ac4       0x40 Drivers/STM32F4xx_HAL_Driver/Src/stm32f4xx_hal_tim.o
                0x0000000008013ac4                TIM_ETR_SetConfig
 .text.TIM_CCxChannelCmd
                0x0000000008013b04       0x4a Drivers/STM32F4xx_HAL_Driver/Src/stm32f4xx_hal_tim.o
                0x0000000008013b04                TIM_CCxChannelCmd
 .text.HAL_TIMEx_OCN_Start_IT
                0x0000000008013b4e       0xaa Drivers/STM32F4xx_HAL_Driver/Src/stm32f4xx_hal_tim_ex.o
                0x0000000008013b4e                HAL_TIMEx_OCN_Start_IT
 .text.HAL_TIMEx_OCN_Stop_IT
                0x0000000008013bf8       0xec Drivers/STM32F4xx_HAL_Driver/Src/stm32f4xx_hal_tim_ex.o
                0x0000000008013bf8                HAL_TIMEx_OCN_Stop_IT
 .text.HAL_TIMEx_MasterConfigSynchronization
                0x0000000008013ce4       0xf8 Drivers/STM32F4xx_HAL_Driver/Src/stm32f4xx_hal_tim_ex.o
                0x0000000008013ce4                HAL_TIMEx_MasterConfigSynchronization
 .text.HAL_TIMEx_ConfigBreakDeadTime
                0x0000000008013ddc       0xa4 Drivers/STM32F4xx_HAL_Driver/Src/stm32f4xx_hal_tim_ex.o
                0x0000000008013ddc                HAL_TIMEx_ConfigBreakDeadTime
 .text.HAL_TIMEx_CommutCallback
                0x0000000008013e80       0x14 Drivers/STM32F4xx_HAL_Driver/Src/stm32f4xx_hal_tim_ex.o
                0x0000000008013e80                HAL_TIMEx_CommutCallback
 .text.HAL_TIMEx_BreakCallback
                0x0000000008013e94       0x14 Drivers/STM32F4xx_HAL_Driver/Src/stm32f4xx_hal_tim_ex.o
                0x0000000008013e94                HAL_TIMEx_BreakCallback
 .text.TIM_CCxNChannelCmd
                0x0000000008013ea8       0x4a Drivers/STM32F4xx_HAL_Driver/Src/stm32f4xx_hal_tim_ex.o
 .text.HAL_UART_Init
                0x0000000008013ef2       0x9a Drivers/STM32F4xx_HAL_Driver/Src/stm32f4xx_hal_uart.o
                0x0000000008013ef2                HAL_UART_Init
 .text.HAL_UART_Transmit
                0x0000000008013f8c      0x132 Drivers/STM32F4xx_HAL_Driver/Src/stm32f4xx_hal_uart.o
                0x0000000008013f8c                HAL_UART_Transmit
 .text.UART_WaitOnFlagUntilTimeout
                0x00000000080140be       0x94 Drivers/STM32F4xx_HAL_Driver/Src/stm32f4xx_hal_uart.o
 *fill*         0x0000000008014152        0x2 
 .text.UART_SetConfig
                0x0000000008014154      0x6f8 Drivers/STM32F4xx_HAL_Driver/Src/stm32f4xx_hal_uart.o
 .text.round    0x000000000801484c       0x94 c:/st2/stm32cubeide_1.5.1/stm32cubeide/plugins/com.st.stm32cube.ide.mcu.externaltools.gnu-tools-for-stm32.7-2018-q2-update.win32_1.5.0.202011040924/tools/bin/../lib/gcc/arm-none-eabi/7.3.1/../../../../arm-none-eabi/lib/thumb/v7e-m/fpv4-sp/hard\libm.a(lib_a-s_round.o)
                0x000000000801484c                round
 .text.__errno  0x00000000080148e0        0xc c:/st2/stm32cubeide_1.5.1/stm32cubeide/plugins/com.st.stm32cube.ide.mcu.externaltools.gnu-tools-for-stm32.7-2018-q2-update.win32_1.5.0.202011040924/tools/bin/../lib/gcc/arm-none-eabi/7.3.1/../../../../arm-none-eabi/lib/thumb/v7e-m/fpv4-sp/hard\libc_nano.a(lib_a-errno.o)
                0x00000000080148e0                __errno
 .text.__libc_init_array
                0x00000000080148ec       0x48 c:/st2/stm32cubeide_1.5.1/stm32cubeide/plugins/com.st.stm32cube.ide.mcu.externaltools.gnu-tools-for-stm32.7-2018-q2-update.win32_1.5.0.202011040924/tools/bin/../lib/gcc/arm-none-eabi/7.3.1/../../../../arm-none-eabi/lib/thumb/v7e-m/fpv4-sp/hard\libc_nano.a(lib_a-init.o)
                0x00000000080148ec                __libc_init_array
 .text.memcpy   0x0000000008014934       0x16 c:/st2/stm32cubeide_1.5.1/stm32cubeide/plugins/com.st.stm32cube.ide.mcu.externaltools.gnu-tools-for-stm32.7-2018-q2-update.win32_1.5.0.202011040924/tools/bin/../lib/gcc/arm-none-eabi/7.3.1/../../../../arm-none-eabi/lib/thumb/v7e-m/fpv4-sp/hard\libc_nano.a(lib_a-memcpy-stub.o)
                0x0000000008014934                memcpy
 .text.memset   0x000000000801494a       0x10 c:/st2/stm32cubeide_1.5.1/stm32cubeide/plugins/com.st.stm32cube.ide.mcu.externaltools.gnu-tools-for-stm32.7-2018-q2-update.win32_1.5.0.202011040924/tools/bin/../lib/gcc/arm-none-eabi/7.3.1/../../../../arm-none-eabi/lib/thumb/v7e-m/fpv4-sp/hard\libc_nano.a(lib_a-memset.o)
                0x000000000801494a                memset
 .text.__cvt    0x000000000801495a       0xc2 c:/st2/stm32cubeide_1.5.1/stm32cubeide/plugins/com.st.stm32cube.ide.mcu.externaltools.gnu-tools-for-stm32.7-2018-q2-update.win32_1.5.0.202011040924/tools/bin/../lib/gcc/arm-none-eabi/7.3.1/../../../../arm-none-eabi/lib/thumb/v7e-m/fpv4-sp/hard\libc_nano.a(lib_a-nano-vfprintf_float.o)
                0x000000000801495a                __cvt
 .text.__exponent
                0x0000000008014a1c       0x66 c:/st2/stm32cubeide_1.5.1/stm32cubeide/plugins/com.st.stm32cube.ide.mcu.externaltools.gnu-tools-for-stm32.7-2018-q2-update.win32_1.5.0.202011040924/tools/bin/../lib/gcc/arm-none-eabi/7.3.1/../../../../arm-none-eabi/lib/thumb/v7e-m/fpv4-sp/hard\libc_nano.a(lib_a-nano-vfprintf_float.o)
                0x0000000008014a1c                __exponent
 *fill*         0x0000000008014a82        0x2 
 .text._printf_float
                0x0000000008014a84      0x480 c:/st2/stm32cubeide_1.5.1/stm32cubeide/plugins/com.st.stm32cube.ide.mcu.externaltools.gnu-tools-for-stm32.7-2018-q2-update.win32_1.5.0.202011040924/tools/bin/../lib/gcc/arm-none-eabi/7.3.1/../../../../arm-none-eabi/lib/thumb/v7e-m/fpv4-sp/hard\libc_nano.a(lib_a-nano-vfprintf_float.o)
                0x0000000008014a84                _printf_float
 .text._printf_common
                0x0000000008014f04       0xea c:/st2/stm32cubeide_1.5.1/stm32cubeide/plugins/com.st.stm32cube.ide.mcu.externaltools.gnu-tools-for-stm32.7-2018-q2-update.win32_1.5.0.202011040924/tools/bin/../lib/gcc/arm-none-eabi/7.3.1/../../../../arm-none-eabi/lib/thumb/v7e-m/fpv4-sp/hard\libc_nano.a(lib_a-nano-vfprintf_i.o)
                0x0000000008014f04                _printf_common
 *fill*         0x0000000008014fee        0x2 
 .text._printf_i
                0x0000000008014ff0      0x224 c:/st2/stm32cubeide_1.5.1/stm32cubeide/plugins/com.st.stm32cube.ide.mcu.externaltools.gnu-tools-for-stm32.7-2018-q2-update.win32_1.5.0.202011040924/tools/bin/../lib/gcc/arm-none-eabi/7.3.1/../../../../arm-none-eabi/lib/thumb/v7e-m/fpv4-sp/hard\libc_nano.a(lib_a-nano-vfprintf_i.o)
                0x0000000008014ff0                _printf_i
 .text.printf   0x0000000008015214       0x30 c:/st2/stm32cubeide_1.5.1/stm32cubeide/plugins/com.st.stm32cube.ide.mcu.externaltools.gnu-tools-for-stm32.7-2018-q2-update.win32_1.5.0.202011040924/tools/bin/../lib/gcc/arm-none-eabi/7.3.1/../../../../arm-none-eabi/lib/thumb/v7e-m/fpv4-sp/hard\libc_nano.a(lib_a-printf.o)
                0x0000000008015214                iprintf
                0x0000000008015214                printf
 .text._puts_r  0x0000000008015244       0xb8 c:/st2/stm32cubeide_1.5.1/stm32cubeide/plugins/com.st.stm32cube.ide.mcu.externaltools.gnu-tools-for-stm32.7-2018-q2-update.win32_1.5.0.202011040924/tools/bin/../lib/gcc/arm-none-eabi/7.3.1/../../../../arm-none-eabi/lib/thumb/v7e-m/fpv4-sp/hard\libc_nano.a(lib_a-puts.o)
                0x0000000008015244                _puts_r
 .text.puts     0x00000000080152fc       0x10 c:/st2/stm32cubeide_1.5.1/stm32cubeide/plugins/com.st.stm32cube.ide.mcu.externaltools.gnu-tools-for-stm32.7-2018-q2-update.win32_1.5.0.202011040924/tools/bin/../lib/gcc/arm-none-eabi/7.3.1/../../../../arm-none-eabi/lib/thumb/v7e-m/fpv4-sp/hard\libc_nano.a(lib_a-puts.o)
                0x00000000080152fc                puts
 .text.__swbuf_r
                0x000000000801530c       0xa4 c:/st2/stm32cubeide_1.5.1/stm32cubeide/plugins/com.st.stm32cube.ide.mcu.externaltools.gnu-tools-for-stm32.7-2018-q2-update.win32_1.5.0.202011040924/tools/bin/../lib/gcc/arm-none-eabi/7.3.1/../../../../arm-none-eabi/lib/thumb/v7e-m/fpv4-sp/hard\libc_nano.a(lib_a-wbuf.o)
                0x000000000801530c                __swbuf_r
 .text.__swsetup_r
                0x00000000080153b0       0xdc c:/st2/stm32cubeide_1.5.1/stm32cubeide/plugins/com.st.stm32cube.ide.mcu.externaltools.gnu-tools-for-stm32.7-2018-q2-update.win32_1.5.0.202011040924/tools/bin/../lib/gcc/arm-none-eabi/7.3.1/../../../../arm-none-eabi/lib/thumb/v7e-m/fpv4-sp/hard\libc_nano.a(lib_a-wsetup.o)
                0x00000000080153b0                __swsetup_r
 .text.quorem   0x000000000801548c      0x118 c:/st2/stm32cubeide_1.5.1/stm32cubeide/plugins/com.st.stm32cube.ide.mcu.externaltools.gnu-tools-for-stm32.7-2018-q2-update.win32_1.5.0.202011040924/tools/bin/../lib/gcc/arm-none-eabi/7.3.1/../../../../arm-none-eabi/lib/thumb/v7e-m/fpv4-sp/hard\libc_nano.a(lib_a-dtoa.o)
 *fill*         0x00000000080155a4        0x4 
 .text._dtoa_r  0x00000000080155a8      0xb70 c:/st2/stm32cubeide_1.5.1/stm32cubeide/plugins/com.st.stm32cube.ide.mcu.externaltools.gnu-tools-for-stm32.7-2018-q2-update.win32_1.5.0.202011040924/tools/bin/../lib/gcc/arm-none-eabi/7.3.1/../../../../arm-none-eabi/lib/thumb/v7e-m/fpv4-sp/hard\libc_nano.a(lib_a-dtoa.o)
                0x00000000080155a8                _dtoa_r
 .text.__sflush_r
                0x0000000008016118      0x10c c:/st2/stm32cubeide_1.5.1/stm32cubeide/plugins/com.st.stm32cube.ide.mcu.externaltools.gnu-tools-for-stm32.7-2018-q2-update.win32_1.5.0.202011040924/tools/bin/../lib/gcc/arm-none-eabi/7.3.1/../../../../arm-none-eabi/lib/thumb/v7e-m/fpv4-sp/hard\libc_nano.a(lib_a-fflush.o)
                0x0000000008016118                __sflush_r
 .text._fflush_r
                0x0000000008016224       0x54 c:/st2/stm32cubeide_1.5.1/stm32cubeide/plugins/com.st.stm32cube.ide.mcu.externaltools.gnu-tools-for-stm32.7-2018-q2-update.win32_1.5.0.202011040924/tools/bin/../lib/gcc/arm-none-eabi/7.3.1/../../../../arm-none-eabi/lib/thumb/v7e-m/fpv4-sp/hard\libc_nano.a(lib_a-fflush.o)
                0x0000000008016224                _fflush_r
 .text.std      0x0000000008016278       0x48 c:/st2/stm32cubeide_1.5.1/stm32cubeide/plugins/com.st.stm32cube.ide.mcu.externaltools.gnu-tools-for-stm32.7-2018-q2-update.win32_1.5.0.202011040924/tools/bin/../lib/gcc/arm-none-eabi/7.3.1/../../../../arm-none-eabi/lib/thumb/v7e-m/fpv4-sp/hard\libc_nano.a(lib_a-findfp.o)
 .text._cleanup_r
                0x00000000080162c0        0xc c:/st2/stm32cubeide_1.5.1/stm32cubeide/plugins/com.st.stm32cube.ide.mcu.externaltools.gnu-tools-for-stm32.7-2018-q2-update.win32_1.5.0.202011040924/tools/bin/../lib/gcc/arm-none-eabi/7.3.1/../../../../arm-none-eabi/lib/thumb/v7e-m/fpv4-sp/hard\libc_nano.a(lib_a-findfp.o)
                0x00000000080162c0                _cleanup_r
 .text.__sfmoreglue
                0x00000000080162cc       0x2c c:/st2/stm32cubeide_1.5.1/stm32cubeide/plugins/com.st.stm32cube.ide.mcu.externaltools.gnu-tools-for-stm32.7-2018-q2-update.win32_1.5.0.202011040924/tools/bin/../lib/gcc/arm-none-eabi/7.3.1/../../../../arm-none-eabi/lib/thumb/v7e-m/fpv4-sp/hard\libc_nano.a(lib_a-findfp.o)
                0x00000000080162cc                __sfmoreglue
 .text.__sinit  0x00000000080162f8       0x60 c:/st2/stm32cubeide_1.5.1/stm32cubeide/plugins/com.st.stm32cube.ide.mcu.externaltools.gnu-tools-for-stm32.7-2018-q2-update.win32_1.5.0.202011040924/tools/bin/../lib/gcc/arm-none-eabi/7.3.1/../../../../arm-none-eabi/lib/thumb/v7e-m/fpv4-sp/hard\libc_nano.a(lib_a-findfp.o)
                0x00000000080162f8                __sinit
 .text.__sfp    0x0000000008016358       0x78 c:/st2/stm32cubeide_1.5.1/stm32cubeide/plugins/com.st.stm32cube.ide.mcu.externaltools.gnu-tools-for-stm32.7-2018-q2-update.win32_1.5.0.202011040924/tools/bin/../lib/gcc/arm-none-eabi/7.3.1/../../../../arm-none-eabi/lib/thumb/v7e-m/fpv4-sp/hard\libc_nano.a(lib_a-findfp.o)
                0x0000000008016358                __sfp
 .text._fwalk_reent
                0x00000000080163d0       0x3c c:/st2/stm32cubeide_1.5.1/stm32cubeide/plugins/com.st.stm32cube.ide.mcu.externaltools.gnu-tools-for-stm32.7-2018-q2-update.win32_1.5.0.202011040924/tools/bin/../lib/gcc/arm-none-eabi/7.3.1/../../../../arm-none-eabi/lib/thumb/v7e-m/fpv4-sp/hard\libc_nano.a(lib_a-fwalk.o)
                0x00000000080163d0                _fwalk_reent
 .text._localeconv_r
                0x000000000801640c       0x1c c:/st2/stm32cubeide_1.5.1/stm32cubeide/plugins/com.st.stm32cube.ide.mcu.externaltools.gnu-tools-for-stm32.7-2018-q2-update.win32_1.5.0.202011040924/tools/bin/../lib/gcc/arm-none-eabi/7.3.1/../../../../arm-none-eabi/lib/thumb/v7e-m/fpv4-sp/hard\libc_nano.a(lib_a-localeconv.o)
                0x000000000801640c                _localeconv_r
 .text.__swhatbuf_r
                0x0000000008016428       0x48 c:/st2/stm32cubeide_1.5.1/stm32cubeide/plugins/com.st.stm32cube.ide.mcu.externaltools.gnu-tools-for-stm32.7-2018-q2-update.win32_1.5.0.202011040924/tools/bin/../lib/gcc/arm-none-eabi/7.3.1/../../../../arm-none-eabi/lib/thumb/v7e-m/fpv4-sp/hard\libc_nano.a(lib_a-makebuf.o)
                0x0000000008016428                __swhatbuf_r
 .text.__smakebuf_r
                0x0000000008016470       0x80 c:/st2/stm32cubeide_1.5.1/stm32cubeide/plugins/com.st.stm32cube.ide.mcu.externaltools.gnu-tools-for-stm32.7-2018-q2-update.win32_1.5.0.202011040924/tools/bin/../lib/gcc/arm-none-eabi/7.3.1/../../../../arm-none-eabi/lib/thumb/v7e-m/fpv4-sp/hard\libc_nano.a(lib_a-makebuf.o)
                0x0000000008016470                __smakebuf_r
 .text.malloc   0x00000000080164f0       0x10 c:/st2/stm32cubeide_1.5.1/stm32cubeide/plugins/com.st.stm32cube.ide.mcu.externaltools.gnu-tools-for-stm32.7-2018-q2-update.win32_1.5.0.202011040924/tools/bin/../lib/gcc/arm-none-eabi/7.3.1/../../../../arm-none-eabi/lib/thumb/v7e-m/fpv4-sp/hard\libc_nano.a(lib_a-malloc.o)
                0x00000000080164f0                malloc
 .text._Balloc  0x0000000008016500       0x68 c:/st2/stm32cubeide_1.5.1/stm32cubeide/plugins/com.st.stm32cube.ide.mcu.externaltools.gnu-tools-for-stm32.7-2018-q2-update.win32_1.5.0.202011040924/tools/bin/../lib/gcc/arm-none-eabi/7.3.1/../../../../arm-none-eabi/lib/thumb/v7e-m/fpv4-sp/hard\libc_nano.a(lib_a-mprec.o)
                0x0000000008016500                _Balloc
 .text._Bfree   0x0000000008016568       0x2e c:/st2/stm32cubeide_1.5.1/stm32cubeide/plugins/com.st.stm32cube.ide.mcu.externaltools.gnu-tools-for-stm32.7-2018-q2-update.win32_1.5.0.202011040924/tools/bin/../lib/gcc/arm-none-eabi/7.3.1/../../../../arm-none-eabi/lib/thumb/v7e-m/fpv4-sp/hard\libc_nano.a(lib_a-mprec.o)
                0x0000000008016568                _Bfree
 .text.__multadd
                0x0000000008016596       0x76 c:/st2/stm32cubeide_1.5.1/stm32cubeide/plugins/com.st.stm32cube.ide.mcu.externaltools.gnu-tools-for-stm32.7-2018-q2-update.win32_1.5.0.202011040924/tools/bin/../lib/gcc/arm-none-eabi/7.3.1/../../../../arm-none-eabi/lib/thumb/v7e-m/fpv4-sp/hard\libc_nano.a(lib_a-mprec.o)
                0x0000000008016596                __multadd
 .text.__hi0bits
                0x000000000801660c       0x3e c:/st2/stm32cubeide_1.5.1/stm32cubeide/plugins/com.st.stm32cube.ide.mcu.externaltools.gnu-tools-for-stm32.7-2018-q2-update.win32_1.5.0.202011040924/tools/bin/../lib/gcc/arm-none-eabi/7.3.1/../../../../arm-none-eabi/lib/thumb/v7e-m/fpv4-sp/hard\libc_nano.a(lib_a-mprec.o)
                0x000000000801660c                __hi0bits
 .text.__lo0bits
                0x000000000801664a       0x5e c:/st2/stm32cubeide_1.5.1/stm32cubeide/plugins/com.st.stm32cube.ide.mcu.externaltools.gnu-tools-for-stm32.7-2018-q2-update.win32_1.5.0.202011040924/tools/bin/../lib/gcc/arm-none-eabi/7.3.1/../../../../arm-none-eabi/lib/thumb/v7e-m/fpv4-sp/hard\libc_nano.a(lib_a-mprec.o)
                0x000000000801664a                __lo0bits
 .text.__i2b    0x00000000080166a8       0x12 c:/st2/stm32cubeide_1.5.1/stm32cubeide/plugins/com.st.stm32cube.ide.mcu.externaltools.gnu-tools-for-stm32.7-2018-q2-update.win32_1.5.0.202011040924/tools/bin/../lib/gcc/arm-none-eabi/7.3.1/../../../../arm-none-eabi/lib/thumb/v7e-m/fpv4-sp/hard\libc_nano.a(lib_a-mprec.o)
                0x00000000080166a8                __i2b
 .text.__multiply
                0x00000000080166ba      0x12c c:/st2/stm32cubeide_1.5.1/stm32cubeide/plugins/com.st.stm32cube.ide.mcu.externaltools.gnu-tools-for-stm32.7-2018-q2-update.win32_1.5.0.202011040924/tools/bin/../lib/gcc/arm-none-eabi/7.3.1/../../../../arm-none-eabi/lib/thumb/v7e-m/fpv4-sp/hard\libc_nano.a(lib_a-mprec.o)
                0x00000000080166ba                __multiply
 *fill*         0x00000000080167e6        0x2 
 .text.__pow5mult
                0x00000000080167e8       0x9c c:/st2/stm32cubeide_1.5.1/stm32cubeide/plugins/com.st.stm32cube.ide.mcu.externaltools.gnu-tools-for-stm32.7-2018-q2-update.win32_1.5.0.202011040924/tools/bin/../lib/gcc/arm-none-eabi/7.3.1/../../../../arm-none-eabi/lib/thumb/v7e-m/fpv4-sp/hard\libc_nano.a(lib_a-mprec.o)
                0x00000000080167e8                __pow5mult
 .text.__lshift
                0x0000000008016884       0xa8 c:/st2/stm32cubeide_1.5.1/stm32cubeide/plugins/com.st.stm32cube.ide.mcu.externaltools.gnu-tools-for-stm32.7-2018-q2-update.win32_1.5.0.202011040924/tools/bin/../lib/gcc/arm-none-eabi/7.3.1/../../../../arm-none-eabi/lib/thumb/v7e-m/fpv4-sp/hard\libc_nano.a(lib_a-mprec.o)
                0x0000000008016884                __lshift
 .text.__mcmp   0x000000000801692c       0x34 c:/st2/stm32cubeide_1.5.1/stm32cubeide/plugins/com.st.stm32cube.ide.mcu.externaltools.gnu-tools-for-stm32.7-2018-q2-update.win32_1.5.0.202011040924/tools/bin/../lib/gcc/arm-none-eabi/7.3.1/../../../../arm-none-eabi/lib/thumb/v7e-m/fpv4-sp/hard\libc_nano.a(lib_a-mprec.o)
                0x000000000801692c                __mcmp
 .text.__mdiff  0x0000000008016960       0xba c:/st2/stm32cubeide_1.5.1/stm32cubeide/plugins/com.st.stm32cube.ide.mcu.externaltools.gnu-tools-for-stm32.7-2018-q2-update.win32_1.5.0.202011040924/tools/bin/../lib/gcc/arm-none-eabi/7.3.1/../../../../arm-none-eabi/lib/thumb/v7e-m/fpv4-sp/hard\libc_nano.a(lib_a-mprec.o)
                0x0000000008016960                __mdiff
 .text.__d2b    0x0000000008016a1a       0x9e c:/st2/stm32cubeide_1.5.1/stm32cubeide/plugins/com.st.stm32cube.ide.mcu.externaltools.gnu-tools-for-stm32.7-2018-q2-update.win32_1.5.0.202011040924/tools/bin/../lib/gcc/arm-none-eabi/7.3.1/../../../../arm-none-eabi/lib/thumb/v7e-m/fpv4-sp/hard\libc_nano.a(lib_a-mprec.o)
                0x0000000008016a1a                __d2b
 .text._calloc_r
                0x0000000008016ab8       0x1c c:/st2/stm32cubeide_1.5.1/stm32cubeide/plugins/com.st.stm32cube.ide.mcu.externaltools.gnu-tools-for-stm32.7-2018-q2-update.win32_1.5.0.202011040924/tools/bin/../lib/gcc/arm-none-eabi/7.3.1/../../../../arm-none-eabi/lib/thumb/v7e-m/fpv4-sp/hard\libc_nano.a(lib_a-nano-callocr.o)
                0x0000000008016ab8                _calloc_r
 .text._free_r  0x0000000008016ad4       0x9c c:/st2/stm32cubeide_1.5.1/stm32cubeide/plugins/com.st.stm32cube.ide.mcu.externaltools.gnu-tools-for-stm32.7-2018-q2-update.win32_1.5.0.202011040924/tools/bin/../lib/gcc/arm-none-eabi/7.3.1/../../../../arm-none-eabi/lib/thumb/v7e-m/fpv4-sp/hard\libc_nano.a(lib_a-nano-freer.o)
                0x0000000008016ad4                _free_r
 .text._malloc_r
                0x0000000008016b70       0xb4 c:/st2/stm32cubeide_1.5.1/stm32cubeide/plugins/com.st.stm32cube.ide.mcu.externaltools.gnu-tools-for-stm32.7-2018-q2-update.win32_1.5.0.202011040924/tools/bin/../lib/gcc/arm-none-eabi/7.3.1/../../../../arm-none-eabi/lib/thumb/v7e-m/fpv4-sp/hard\libc_nano.a(lib_a-nano-mallocr.o)
                0x0000000008016b70                _malloc_r
 .text.__sfputc_r
                0x0000000008016c24       0x2e c:/st2/stm32cubeide_1.5.1/stm32cubeide/plugins/com.st.stm32cube.ide.mcu.externaltools.gnu-tools-for-stm32.7-2018-q2-update.win32_1.5.0.202011040924/tools/bin/../lib/gcc/arm-none-eabi/7.3.1/../../../../arm-none-eabi/lib/thumb/v7e-m/fpv4-sp/hard\libc_nano.a(lib_a-nano-vfprintf.o)
 .text.__sfputs_r
                0x0000000008016c52       0x24 c:/st2/stm32cubeide_1.5.1/stm32cubeide/plugins/com.st.stm32cube.ide.mcu.externaltools.gnu-tools-for-stm32.7-2018-q2-update.win32_1.5.0.202011040924/tools/bin/../lib/gcc/arm-none-eabi/7.3.1/../../../../arm-none-eabi/lib/thumb/v7e-m/fpv4-sp/hard\libc_nano.a(lib_a-nano-vfprintf.o)
                0x0000000008016c52                __sfputs_r
 *fill*         0x0000000008016c76        0x2 
 .text._vfprintf_r
                0x0000000008016c78      0x22c c:/st2/stm32cubeide_1.5.1/stm32cubeide/plugins/com.st.stm32cube.ide.mcu.externaltools.gnu-tools-for-stm32.7-2018-q2-update.win32_1.5.0.202011040924/tools/bin/../lib/gcc/arm-none-eabi/7.3.1/../../../../arm-none-eabi/lib/thumb/v7e-m/fpv4-sp/hard\libc_nano.a(lib_a-nano-vfprintf.o)
                0x0000000008016c78                _vfprintf_r
                0x0000000008016c78                _vfiprintf_r
 .text._sbrk_r  0x0000000008016ea4       0x20 c:/st2/stm32cubeide_1.5.1/stm32cubeide/plugins/com.st.stm32cube.ide.mcu.externaltools.gnu-tools-for-stm32.7-2018-q2-update.win32_1.5.0.202011040924/tools/bin/../lib/gcc/arm-none-eabi/7.3.1/../../../../arm-none-eabi/lib/thumb/v7e-m/fpv4-sp/hard\libc_nano.a(lib_a-sbrkr.o)
                0x0000000008016ea4                _sbrk_r
 .text.__sread  0x0000000008016ec4       0x22 c:/st2/stm32cubeide_1.5.1/stm32cubeide/plugins/com.st.stm32cube.ide.mcu.externaltools.gnu-tools-for-stm32.7-2018-q2-update.win32_1.5.0.202011040924/tools/bin/../lib/gcc/arm-none-eabi/7.3.1/../../../../arm-none-eabi/lib/thumb/v7e-m/fpv4-sp/hard\libc_nano.a(lib_a-stdio.o)
                0x0000000008016ec4                __sread
 .text.__swrite
                0x0000000008016ee6       0x38 c:/st2/stm32cubeide_1.5.1/stm32cubeide/plugins/com.st.stm32cube.ide.mcu.externaltools.gnu-tools-for-stm32.7-2018-q2-update.win32_1.5.0.202011040924/tools/bin/../lib/gcc/arm-none-eabi/7.3.1/../../../../arm-none-eabi/lib/thumb/v7e-m/fpv4-sp/hard\libc_nano.a(lib_a-stdio.o)
                0x0000000008016ee6                __swrite
 .text.__sseek  0x0000000008016f1e       0x24 c:/st2/stm32cubeide_1.5.1/stm32cubeide/plugins/com.st.stm32cube.ide.mcu.externaltools.gnu-tools-for-stm32.7-2018-q2-update.win32_1.5.0.202011040924/tools/bin/../lib/gcc/arm-none-eabi/7.3.1/../../../../arm-none-eabi/lib/thumb/v7e-m/fpv4-sp/hard\libc_nano.a(lib_a-stdio.o)
                0x0000000008016f1e                __sseek
 .text.__sclose
                0x0000000008016f42        0x8 c:/st2/stm32cubeide_1.5.1/stm32cubeide/plugins/com.st.stm32cube.ide.mcu.externaltools.gnu-tools-for-stm32.7-2018-q2-update.win32_1.5.0.202011040924/tools/bin/../lib/gcc/arm-none-eabi/7.3.1/../../../../arm-none-eabi/lib/thumb/v7e-m/fpv4-sp/hard\libc_nano.a(lib_a-stdio.o)
                0x0000000008016f42                __sclose
 *fill*         0x0000000008016f4a        0x2 
 .text._write_r
                0x0000000008016f4c       0x24 c:/st2/stm32cubeide_1.5.1/stm32cubeide/plugins/com.st.stm32cube.ide.mcu.externaltools.gnu-tools-for-stm32.7-2018-q2-update.win32_1.5.0.202011040924/tools/bin/../lib/gcc/arm-none-eabi/7.3.1/../../../../arm-none-eabi/lib/thumb/v7e-m/fpv4-sp/hard\libc_nano.a(lib_a-writer.o)
                0x0000000008016f4c                _write_r
 .text._close_r
                0x0000000008016f70       0x20 c:/st2/stm32cubeide_1.5.1/stm32cubeide/plugins/com.st.stm32cube.ide.mcu.externaltools.gnu-tools-for-stm32.7-2018-q2-update.win32_1.5.0.202011040924/tools/bin/../lib/gcc/arm-none-eabi/7.3.1/../../../../arm-none-eabi/lib/thumb/v7e-m/fpv4-sp/hard\libc_nano.a(lib_a-closer.o)
                0x0000000008016f70                _close_r
 .text._fstat_r
                0x0000000008016f90       0x24 c:/st2/stm32cubeide_1.5.1/stm32cubeide/plugins/com.st.stm32cube.ide.mcu.externaltools.gnu-tools-for-stm32.7-2018-q2-update.win32_1.5.0.202011040924/tools/bin/../lib/gcc/arm-none-eabi/7.3.1/../../../../arm-none-eabi/lib/thumb/v7e-m/fpv4-sp/hard\libc_nano.a(lib_a-fstatr.o)
                0x0000000008016f90                _fstat_r
 .text._isatty_r
                0x0000000008016fb4       0x20 c:/st2/stm32cubeide_1.5.1/stm32cubeide/plugins/com.st.stm32cube.ide.mcu.externaltools.gnu-tools-for-stm32.7-2018-q2-update.win32_1.5.0.202011040924/tools/bin/../lib/gcc/arm-none-eabi/7.3.1/../../../../arm-none-eabi/lib/thumb/v7e-m/fpv4-sp/hard\libc_nano.a(lib_a-isattyr.o)
                0x0000000008016fb4                _isatty_r
 .text._lseek_r
                0x0000000008016fd4       0x24 c:/st2/stm32cubeide_1.5.1/stm32cubeide/plugins/com.st.stm32cube.ide.mcu.externaltools.gnu-tools-for-stm32.7-2018-q2-update.win32_1.5.0.202011040924/tools/bin/../lib/gcc/arm-none-eabi/7.3.1/../../../../arm-none-eabi/lib/thumb/v7e-m/fpv4-sp/hard\libc_nano.a(lib_a-lseekr.o)
                0x0000000008016fd4                _lseek_r
 .text.__ascii_mbtowc
                0x0000000008016ff8       0x24 c:/st2/stm32cubeide_1.5.1/stm32cubeide/plugins/com.st.stm32cube.ide.mcu.externaltools.gnu-tools-for-stm32.7-2018-q2-update.win32_1.5.0.202011040924/tools/bin/../lib/gcc/arm-none-eabi/7.3.1/../../../../arm-none-eabi/lib/thumb/v7e-m/fpv4-sp/hard\libc_nano.a(lib_a-mbtowc_r.o)
                0x0000000008016ff8                __ascii_mbtowc
 .text.__malloc_lock
                0x000000000801701c        0x2 c:/st2/stm32cubeide_1.5.1/stm32cubeide/plugins/com.st.stm32cube.ide.mcu.externaltools.gnu-tools-for-stm32.7-2018-q2-update.win32_1.5.0.202011040924/tools/bin/../lib/gcc/arm-none-eabi/7.3.1/../../../../arm-none-eabi/lib/thumb/v7e-m/fpv4-sp/hard\libc_nano.a(lib_a-mlock.o)
                0x000000000801701c                __malloc_lock
 .text.__malloc_unlock
                0x000000000801701e        0x2 c:/st2/stm32cubeide_1.5.1/stm32cubeide/plugins/com.st.stm32cube.ide.mcu.externaltools.gnu-tools-for-stm32.7-2018-q2-update.win32_1.5.0.202011040924/tools/bin/../lib/gcc/arm-none-eabi/7.3.1/../../../../arm-none-eabi/lib/thumb/v7e-m/fpv4-sp/hard\libc_nano.a(lib_a-mlock.o)
                0x000000000801701e                __malloc_unlock
 .text._read_r  0x0000000008017020       0x24 c:/st2/stm32cubeide_1.5.1/stm32cubeide/plugins/com.st.stm32cube.ide.mcu.externaltools.gnu-tools-for-stm32.7-2018-q2-update.win32_1.5.0.202011040924/tools/bin/../lib/gcc/arm-none-eabi/7.3.1/../../../../arm-none-eabi/lib/thumb/v7e-m/fpv4-sp/hard\libc_nano.a(lib_a-readr.o)
                0x0000000008017020                _read_r
 .text.__ascii_wctomb
                0x0000000008017044       0x1a c:/st2/stm32cubeide_1.5.1/stm32cubeide/plugins/com.st.stm32cube.ide.mcu.externaltools.gnu-tools-for-stm32.7-2018-q2-update.win32_1.5.0.202011040924/tools/bin/../lib/gcc/arm-none-eabi/7.3.1/../../../../arm-none-eabi/lib/thumb/v7e-m/fpv4-sp/hard\libc_nano.a(lib_a-wctomb_r.o)
                0x0000000008017044                __ascii_wctomb
 *(.glue_7)
 .glue_7        0x000000000801705e        0x0 linker stubs
 *(.glue_7t)
 .glue_7t       0x000000000801705e        0x0 linker stubs
 *(.eh_frame)
 *fill*         0x000000000801705e        0x2 
 .eh_frame      0x0000000008017060        0x0 c:/st2/stm32cubeide_1.5.1/stm32cubeide/plugins/com.st.stm32cube.ide.mcu.externaltools.gnu-tools-for-stm32.7-2018-q2-update.win32_1.5.0.202011040924/tools/bin/../lib/gcc/arm-none-eabi/7.3.1/thumb/v7e-m/fpv4-sp/hard/crtbegin.o
 *(.init)
 .init          0x0000000008017060        0x4 c:/st2/stm32cubeide_1.5.1/stm32cubeide/plugins/com.st.stm32cube.ide.mcu.externaltools.gnu-tools-for-stm32.7-2018-q2-update.win32_1.5.0.202011040924/tools/bin/../lib/gcc/arm-none-eabi/7.3.1/thumb/v7e-m/fpv4-sp/hard/crti.o
                0x0000000008017060                _init
 .init          0x0000000008017064        0x8 c:/st2/stm32cubeide_1.5.1/stm32cubeide/plugins/com.st.stm32cube.ide.mcu.externaltools.gnu-tools-for-stm32.7-2018-q2-update.win32_1.5.0.202011040924/tools/bin/../lib/gcc/arm-none-eabi/7.3.1/thumb/v7e-m/fpv4-sp/hard/crtn.o
 *(.fini)
 .fini          0x000000000801706c        0x4 c:/st2/stm32cubeide_1.5.1/stm32cubeide/plugins/com.st.stm32cube.ide.mcu.externaltools.gnu-tools-for-stm32.7-2018-q2-update.win32_1.5.0.202011040924/tools/bin/../lib/gcc/arm-none-eabi/7.3.1/thumb/v7e-m/fpv4-sp/hard/crti.o
                0x000000000801706c                _fini
 .fini          0x0000000008017070        0x8 c:/st2/stm32cubeide_1.5.1/stm32cubeide/plugins/com.st.stm32cube.ide.mcu.externaltools.gnu-tools-for-stm32.7-2018-q2-update.win32_1.5.0.202011040924/tools/bin/../lib/gcc/arm-none-eabi/7.3.1/thumb/v7e-m/fpv4-sp/hard/crtn.o
                0x0000000008017078                . = ALIGN (0x4)
                0x0000000008017078                _etext = .

.vfp11_veneer   0x0000000008017078        0x0
 .vfp11_veneer  0x0000000008017078        0x0 linker stubs

.v4_bx          0x0000000008017078        0x0
 .v4_bx         0x0000000008017078        0x0 linker stubs

.iplt           0x0000000008017078        0x0
 .iplt          0x0000000008017078        0x0 c:/st2/stm32cubeide_1.5.1/stm32cubeide/plugins/com.st.stm32cube.ide.mcu.externaltools.gnu-tools-for-stm32.7-2018-q2-update.win32_1.5.0.202011040924/tools/bin/../lib/gcc/arm-none-eabi/7.3.1/thumb/v7e-m/fpv4-sp/hard/crtbegin.o

.rodata         0x0000000008017078      0x430
                0x0000000008017078                . = ALIGN (0x4)
 *(.rodata)
 .rodata        0x0000000008017078      0x14d Core/Src/main.o
 *(.rodata*)
 *fill*         0x00000000080171c5        0x3 
 .rodata.AHBPrescTable
                0x00000000080171c8       0x10 Core/Src/system_stm32f4xx.o
                0x00000000080171c8                AHBPrescTable
 .rodata.APBPrescTable
                0x00000000080171d8        0x8 Core/Src/system_stm32f4xx.o
                0x00000000080171d8                APBPrescTable
 .rodata.flagBitshiftOffset.8292
                0x00000000080171e0        0x8 Drivers/STM32F4xx_HAL_Driver/Src/stm32f4xx_hal_dma.o
 .rodata._global_impure_ptr
                0x00000000080171e8        0x4 c:/st2/stm32cubeide_1.5.1/stm32cubeide/plugins/com.st.stm32cube.ide.mcu.externaltools.gnu-tools-for-stm32.7-2018-q2-update.win32_1.5.0.202011040924/tools/bin/../lib/gcc/arm-none-eabi/7.3.1/../../../../arm-none-eabi/lib/thumb/v7e-m/fpv4-sp/hard\libc_nano.a(lib_a-impure.o)
                0x00000000080171e8                _global_impure_ptr
 .rodata._printf_float.str1.1
                0x00000000080171ec       0x12 c:/st2/stm32cubeide_1.5.1/stm32cubeide/plugins/com.st.stm32cube.ide.mcu.externaltools.gnu-tools-for-stm32.7-2018-q2-update.win32_1.5.0.202011040924/tools/bin/../lib/gcc/arm-none-eabi/7.3.1/../../../../arm-none-eabi/lib/thumb/v7e-m/fpv4-sp/hard\libc_nano.a(lib_a-nano-vfprintf_float.o)
 .rodata._printf_i.str1.1
                0x00000000080171fe       0x22 c:/st2/stm32cubeide_1.5.1/stm32cubeide/plugins/com.st.stm32cube.ide.mcu.externaltools.gnu-tools-for-stm32.7-2018-q2-update.win32_1.5.0.202011040924/tools/bin/../lib/gcc/arm-none-eabi/7.3.1/../../../../arm-none-eabi/lib/thumb/v7e-m/fpv4-sp/hard\libc_nano.a(lib_a-nano-vfprintf_i.o)
 .rodata._dtoa_r.str1.1
                0x0000000008017220        0xd c:/st2/stm32cubeide_1.5.1/stm32cubeide/plugins/com.st.stm32cube.ide.mcu.externaltools.gnu-tools-for-stm32.7-2018-q2-update.win32_1.5.0.202011040924/tools/bin/../lib/gcc/arm-none-eabi/7.3.1/../../../../arm-none-eabi/lib/thumb/v7e-m/fpv4-sp/hard\libc_nano.a(lib_a-dtoa.o)
                                          0xf (size before relaxing)
 *fill*         0x000000000801722d        0x3 
 .rodata.__sf_fake_stderr
                0x0000000008017230       0x20 c:/st2/stm32cubeide_1.5.1/stm32cubeide/plugins/com.st.stm32cube.ide.mcu.externaltools.gnu-tools-for-stm32.7-2018-q2-update.win32_1.5.0.202011040924/tools/bin/../lib/gcc/arm-none-eabi/7.3.1/../../../../arm-none-eabi/lib/thumb/v7e-m/fpv4-sp/hard\libc_nano.a(lib_a-findfp.o)
                0x0000000008017230                __sf_fake_stderr
 .rodata.__sf_fake_stdin
                0x0000000008017250       0x20 c:/st2/stm32cubeide_1.5.1/stm32cubeide/plugins/com.st.stm32cube.ide.mcu.externaltools.gnu-tools-for-stm32.7-2018-q2-update.win32_1.5.0.202011040924/tools/bin/../lib/gcc/arm-none-eabi/7.3.1/../../../../arm-none-eabi/lib/thumb/v7e-m/fpv4-sp/hard\libc_nano.a(lib_a-findfp.o)
                0x0000000008017250                __sf_fake_stdin
 .rodata.__sf_fake_stdout
                0x0000000008017270       0x20 c:/st2/stm32cubeide_1.5.1/stm32cubeide/plugins/com.st.stm32cube.ide.mcu.externaltools.gnu-tools-for-stm32.7-2018-q2-update.win32_1.5.0.202011040924/tools/bin/../lib/gcc/arm-none-eabi/7.3.1/../../../../arm-none-eabi/lib/thumb/v7e-m/fpv4-sp/hard\libc_nano.a(lib_a-findfp.o)
                0x0000000008017270                __sf_fake_stdout
 .rodata.__mprec_bigtens
                0x0000000008017290       0x28 c:/st2/stm32cubeide_1.5.1/stm32cubeide/plugins/com.st.stm32cube.ide.mcu.externaltools.gnu-tools-for-stm32.7-2018-q2-update.win32_1.5.0.202011040924/tools/bin/../lib/gcc/arm-none-eabi/7.3.1/../../../../arm-none-eabi/lib/thumb/v7e-m/fpv4-sp/hard\libc_nano.a(lib_a-mprec.o)
                0x0000000008017290                __mprec_bigtens
 .rodata.__mprec_tens
                0x00000000080172b8       0xc8 c:/st2/stm32cubeide_1.5.1/stm32cubeide/plugins/com.st.stm32cube.ide.mcu.externaltools.gnu-tools-for-stm32.7-2018-q2-update.win32_1.5.0.202011040924/tools/bin/../lib/gcc/arm-none-eabi/7.3.1/../../../../arm-none-eabi/lib/thumb/v7e-m/fpv4-sp/hard\libc_nano.a(lib_a-mprec.o)
                0x00000000080172b8                __mprec_tens
 .rodata.p05.7359
                0x0000000008017380        0xc c:/st2/stm32cubeide_1.5.1/stm32cubeide/plugins/com.st.stm32cube.ide.mcu.externaltools.gnu-tools-for-stm32.7-2018-q2-update.win32_1.5.0.202011040924/tools/bin/../lib/gcc/arm-none-eabi/7.3.1/../../../../arm-none-eabi/lib/thumb/v7e-m/fpv4-sp/hard\libc_nano.a(lib_a-mprec.o)
 .rodata._vfprintf_r.str1.1
                0x000000000801738c       0x11 c:/st2/stm32cubeide_1.5.1/stm32cubeide/plugins/com.st.stm32cube.ide.mcu.externaltools.gnu-tools-for-stm32.7-2018-q2-update.win32_1.5.0.202011040924/tools/bin/../lib/gcc/arm-none-eabi/7.3.1/../../../../arm-none-eabi/lib/thumb/v7e-m/fpv4-sp/hard\libc_nano.a(lib_a-nano-vfprintf.o)
 .rodata._setlocale_r.str1.1
                0x000000000801739d        0x8 c:/st2/stm32cubeide_1.5.1/stm32cubeide/plugins/com.st.stm32cube.ide.mcu.externaltools.gnu-tools-for-stm32.7-2018-q2-update.win32_1.5.0.202011040924/tools/bin/../lib/gcc/arm-none-eabi/7.3.1/../../../../arm-none-eabi/lib/thumb/v7e-m/fpv4-sp/hard\libc_nano.a(lib_a-locale.o)
                                          0x9 (size before relaxing)
 .rodata.str1.1
                0x00000000080173a5        0x2 c:/st2/stm32cubeide_1.5.1/stm32cubeide/plugins/com.st.stm32cube.ide.mcu.externaltools.gnu-tools-for-stm32.7-2018-q2-update.win32_1.5.0.202011040924/tools/bin/../lib/gcc/arm-none-eabi/7.3.1/../../../../arm-none-eabi/lib/thumb/v7e-m/fpv4-sp/hard\libc_nano.a(lib_a-locale.o)
 .rodata._ctype_
                0x00000000080173a7      0x101 c:/st2/stm32cubeide_1.5.1/stm32cubeide/plugins/com.st.stm32cube.ide.mcu.externaltools.gnu-tools-for-stm32.7-2018-q2-update.win32_1.5.0.202011040924/tools/bin/../lib/gcc/arm-none-eabi/7.3.1/../../../../arm-none-eabi/lib/thumb/v7e-m/fpv4-sp/hard\libc_nano.a(lib_a-ctype_.o)
                0x00000000080173a7                _ctype_
                0x00000000080174a8                . = ALIGN (0x4)

.ARM.extab      0x00000000080174a8        0x0
                0x00000000080174a8                . = ALIGN (0x4)
 *(.ARM.extab* .gnu.linkonce.armextab.*)
                0x00000000080174a8                . = ALIGN (0x4)

.ARM            0x00000000080174a8        0x8
                0x00000000080174a8                . = ALIGN (0x4)
                0x00000000080174a8                __exidx_start = .
 *(.ARM.exidx*)
 .ARM.exidx     0x00000000080174a8        0x8 c:/st2/stm32cubeide_1.5.1/stm32cubeide/plugins/com.st.stm32cube.ide.mcu.externaltools.gnu-tools-for-stm32.7-2018-q2-update.win32_1.5.0.202011040924/tools/bin/../lib/gcc/arm-none-eabi/7.3.1/thumb/v7e-m/fpv4-sp/hard\libgcc.a(_udivmoddi4.o)
                0x00000000080174b0                __exidx_end = .
                0x00000000080174b0                . = ALIGN (0x4)

.rel.dyn        0x00000000080174b0        0x0
 .rel.iplt      0x00000000080174b0        0x0 c:/st2/stm32cubeide_1.5.1/stm32cubeide/plugins/com.st.stm32cube.ide.mcu.externaltools.gnu-tools-for-stm32.7-2018-q2-update.win32_1.5.0.202011040924/tools/bin/../lib/gcc/arm-none-eabi/7.3.1/thumb/v7e-m/fpv4-sp/hard/crtbegin.o

.preinit_array  0x00000000080174b0        0x0
                0x00000000080174b0                . = ALIGN (0x4)
                0x00000000080174b0                PROVIDE (__preinit_array_start = .)
 *(.preinit_array*)
                0x00000000080174b0                PROVIDE (__preinit_array_end = .)
                0x00000000080174b0                . = ALIGN (0x4)

.init_array     0x00000000080174b0        0x4
                0x00000000080174b0                . = ALIGN (0x4)
                0x00000000080174b0                PROVIDE (__init_array_start = .)
 *(SORT_BY_NAME(.init_array.*))
 *(.init_array*)
 .init_array    0x00000000080174b0        0x4 c:/st2/stm32cubeide_1.5.1/stm32cubeide/plugins/com.st.stm32cube.ide.mcu.externaltools.gnu-tools-for-stm32.7-2018-q2-update.win32_1.5.0.202011040924/tools/bin/../lib/gcc/arm-none-eabi/7.3.1/thumb/v7e-m/fpv4-sp/hard/crtbegin.o
                0x00000000080174b4                PROVIDE (__init_array_end = .)
                0x00000000080174b4                . = ALIGN (0x4)

.fini_array     0x00000000080174b4        0x4
                0x00000000080174b4                . = ALIGN (0x4)
                [!provide]                        PROVIDE (__fini_array_start = .)
 *(SORT_BY_NAME(.fini_array.*))
 *(.fini_array*)
 .fini_array    0x00000000080174b4        0x4 c:/st2/stm32cubeide_1.5.1/stm32cubeide/plugins/com.st.stm32cube.ide.mcu.externaltools.gnu-tools-for-stm32.7-2018-q2-update.win32_1.5.0.202011040924/tools/bin/../lib/gcc/arm-none-eabi/7.3.1/thumb/v7e-m/fpv4-sp/hard/crtbegin.o
                [!provide]                        PROVIDE (__fini_array_end = .)
                0x00000000080174b8                . = ALIGN (0x4)
                0x00000000080174b8                _sidata = LOADADDR (.data)

.data           0x0000000020000000      0x25c load address 0x00000000080174b8
                0x0000000020000000                . = ALIGN (0x4)
                0x0000000020000000                _sdata = .
 *(.data)
 *(.data*)
 .data.Target_pulse
                0x0000000020000000        0x4 Core/Src/main.o
                0x0000000020000000                Target_pulse
 .data.Target_pul_quarter
                0x0000000020000004        0x4 Core/Src/main.o
                0x0000000020000004                Target_pul_quarter
 .data.a_start  0x0000000020000008        0x4 Core/Src/main.o
                0x0000000020000008                a_start
 .data.a        0x000000002000000c        0x4 Core/Src/main.o
                0x000000002000000c                a
 .data.a_curve  0x0000000020000010        0x4 Core/Src/main.o
                0x0000000020000010                a_curve
 *fill*         0x0000000020000014        0x4 
 .data.drift_fix
                0x0000000020000018        0x8 Core/Src/main.o
                0x0000000020000018                drift_fix
 .data.distance_wall_right
                0x0000000020000020        0x4 Core/Src/main.o
                0x0000000020000020                distance_wall_right
 .data.distance_wall_left
                0x0000000020000024        0x4 Core/Src/main.o
                0x0000000020000024                distance_wall_left
 .data.fr_ad1_14
                0x0000000020000028        0x2 Core/Src/main.o
                0x0000000020000028                fr_ad1_14
 *fill*         0x000000002000002a        0x2 
 .data.Wall     0x000000002000002c        0xc Core/Src/main.o
                0x000000002000002c                Wall
 .data.velocity
                0x0000000020000038        0xc Core/Src/main.o
                0x0000000020000038                velocity
 .data.imu      0x0000000020000044        0xc Core/Src/main.o
                0x0000000020000044                imu
 .data.EN3_L    0x0000000020000050        0xc Core/Src/main.o
                0x0000000020000050                EN3_L
 .data.EN4_R    0x000000002000005c        0xc Core/Src/main.o
                0x000000002000005c                EN4_R
 .data.EN_Body  0x0000000020000068        0xc Core/Src/main.o
                0x0000000020000068                EN_Body
 .data.mode     0x0000000020000074        0xb Core/Src/main.o
                0x0000000020000074                mode
 *fill*         0x000000002000007f        0x1 
 .data.SystemCoreClock
                0x0000000020000080        0x4 Core/Src/system_stm32f4xx.o
                0x0000000020000080                SystemCoreClock
 .data.uwTickPrio
                0x0000000020000084        0x4 Drivers/STM32F4xx_HAL_Driver/Src/stm32f4xx_hal.o
                0x0000000020000084                uwTickPrio
 .data.uwTickFreq
                0x0000000020000088        0x1 Drivers/STM32F4xx_HAL_Driver/Src/stm32f4xx_hal.o
                0x0000000020000088                uwTickFreq
 *fill*         0x0000000020000089        0x3 
 .data._impure_ptr
                0x000000002000008c        0x4 c:/st2/stm32cubeide_1.5.1/stm32cubeide/plugins/com.st.stm32cube.ide.mcu.externaltools.gnu-tools-for-stm32.7-2018-q2-update.win32_1.5.0.202011040924/tools/bin/../lib/gcc/arm-none-eabi/7.3.1/../../../../arm-none-eabi/lib/thumb/v7e-m/fpv4-sp/hard\libc_nano.a(lib_a-impure.o)
                0x000000002000008c                _impure_ptr
 .data.impure_data